
===========================================================================
report_checks -unconstrained
===========================================================================
======================= nom_ss_100C_1v60 Corner ===================================

Startpoint: b[4] (input port clocked by clk)
Endpoint: return_port[31] (output port clocked by clk)
Path Group: clk
Path Type: max

Fanout         Cap        Slew       Delay        Time   Description
---------------------------------------------------------------------------------------------
                      0.000000    0.000000    0.000000   clock clk (rise edge)
                                  0.000000    0.000000   clock network delay (ideal)
                                 10.000000   10.000000 ^ input external delay
     1    0.006166    0.055078    0.033449   10.033449 ^ b[4] (in)
                                                         b[4] (net)
                      0.055079    0.000000   10.033449 ^ input59/A (sky130_fd_sc_hd__buf_1)
     1    0.015472    0.301041    0.308216   10.341664 ^ input59/X (sky130_fd_sc_hd__buf_1)
                                                         net59 (net)
                      0.301048    0.001278   10.342943 ^ fanout230/A (sky130_fd_sc_hd__clkbuf_4)
     6    0.062114    0.301892    0.522229   10.865172 ^ fanout230/X (sky130_fd_sc_hd__clkbuf_4)
                                                         net230 (net)
                      0.301894    0.001316   10.866488 ^ fanout229/A (sky130_fd_sc_hd__clkbuf_2)
     5    0.031022    0.269013    0.435105   11.301594 ^ fanout229/X (sky130_fd_sc_hd__clkbuf_2)
                                                         net229 (net)
                      0.269014    0.001238   11.302832 ^ fanout228/A (sky130_fd_sc_hd__dlymetal6s2s_1)
     5    0.023944    0.384752    0.472325   11.775157 ^ fanout228/X (sky130_fd_sc_hd__dlymetal6s2s_1)
                                                         net228 (net)
                      0.384752    0.000292   11.775450 ^ fanout227/A (sky130_fd_sc_hd__buf_2)
    10    0.041178    0.324449    0.514127   12.289576 ^ fanout227/X (sky130_fd_sc_hd__buf_2)
                                                         net227 (net)
                      0.324453    0.001626   12.291203 ^ _4978_/A1 (sky130_fd_sc_hd__a22o_1)
     3    0.007845    0.150078    0.421984   12.713186 ^ _4978_/X (sky130_fd_sc_hd__a22o_1)
                                                         _0736_ (net)
                      0.150078    0.000092   12.713279 ^ _4980_/D_N (sky130_fd_sc_hd__or4b_1)
     2    0.008381    0.241887    1.156574   13.869853 v _4980_/X (sky130_fd_sc_hd__or4b_1)
                                                         _0738_ (net)
                      0.241887    0.000266   13.870120 v _4982_/B (sky130_fd_sc_hd__and3_1)
     2    0.004870    0.088383    0.437125   14.307244 v _4982_/X (sky130_fd_sc_hd__and3_1)
                                                         _0740_ (net)
                      0.088383    0.000114   14.307359 v _4984_/A (sky130_fd_sc_hd__nor2_1)
     1    0.006320    0.224303    0.247305   14.554664 ^ _4984_/Y (sky130_fd_sc_hd__nor2_1)
                                                         _0742_ (net)
                      0.224303    0.000212   14.554876 ^ _4985_/B (sky130_fd_sc_hd__xnor2_1)
     2    0.008922    0.383678    0.322864   14.877740 ^ _4985_/Y (sky130_fd_sc_hd__xnor2_1)
                                                         _0743_ (net)
                      0.383678    0.000249   14.877989 ^ _4987_/B (sky130_fd_sc_hd__xnor2_1)
     2    0.011087    0.454690    0.397112   15.275101 ^ _4987_/Y (sky130_fd_sc_hd__xnor2_1)
                                                         _0745_ (net)
                      0.454690    0.000419   15.275520 ^ _4989_/B (sky130_fd_sc_hd__xnor2_1)
     2    0.008467    0.179569    0.323702   15.599222 v _4989_/Y (sky130_fd_sc_hd__xnor2_1)
                                                         _0747_ (net)
                      0.179569    0.000220   15.599442 v _5010_/A (sky130_fd_sc_hd__and3_2)
     4    0.019828    0.143611    0.505581   16.105024 v _5010_/X (sky130_fd_sc_hd__and3_2)
                                                         _0769_ (net)
                      0.143611    0.000400   16.105423 v _5012_/A2 (sky130_fd_sc_hd__o21a_1)
     2    0.011236    0.139704    0.412927   16.518351 v _5012_/X (sky130_fd_sc_hd__o21a_1)
                                                         _0771_ (net)
                      0.139704    0.000137   16.518486 v _5014_/A2 (sky130_fd_sc_hd__o211a_1)
     2    0.004911    0.090957    0.426367   16.944853 v _5014_/X (sky130_fd_sc_hd__o211a_1)
                                                         _0773_ (net)
                      0.090957    0.000107   16.944960 v _5015_/C (sky130_fd_sc_hd__or3_2)
     4    0.013333    0.226147    1.088688   18.033648 v _5015_/X (sky130_fd_sc_hd__or3_2)
                                                         _0774_ (net)
                      0.226147    0.000355   18.034002 v _5108_/A (sky130_fd_sc_hd__or3_2)
     4    0.021659    0.267261    1.339597   19.373600 v _5108_/X (sky130_fd_sc_hd__or3_2)
                                                         _0876_ (net)
                      0.267261    0.000490   19.374090 v _5111_/A1 (sky130_fd_sc_hd__a211o_1)
     2    0.006443    0.117718    0.603704   19.977795 v _5111_/X (sky130_fd_sc_hd__a211o_1)
                                                         _0879_ (net)
                      0.117718    0.000218   19.978012 v _5113_/A2 (sky130_fd_sc_hd__a211oi_1)
     2    0.008544    0.564902    0.615293   20.593306 ^ _5113_/Y (sky130_fd_sc_hd__a211oi_1)
                                                         _0881_ (net)
                      0.564902    0.000242   20.593548 ^ _5114_/C1 (sky130_fd_sc_hd__a211oi_2)
     4    0.014228    0.177772    0.269417   20.862963 v _5114_/Y (sky130_fd_sc_hd__a211oi_2)
                                                         _0882_ (net)
                      0.177772    0.000224   20.863188 v _5116_/A1 (sky130_fd_sc_hd__o211a_1)
     3    0.007094    0.108487    0.488818   21.352005 v _5116_/X (sky130_fd_sc_hd__o211a_1)
                                                         _0884_ (net)
                      0.108487    0.000142   21.352148 v _5216_/C (sky130_fd_sc_hd__or4b_1)
     2    0.007308    0.230821    1.195589   22.547737 v _5216_/X (sky130_fd_sc_hd__or4b_1)
                                                         _0993_ (net)
                      0.230821    0.000167   22.547903 v _5416_/A3 (sky130_fd_sc_hd__o311a_1)
     2    0.011846    0.175978    0.703791   23.251694 v _5416_/X (sky130_fd_sc_hd__o311a_1)
                                                         _1211_ (net)
                      0.175978    0.000654   23.252348 v _5885_/A2 (sky130_fd_sc_hd__o31a_1)
     3    0.012227    0.163563    0.656570   23.908918 v _5885_/X (sky130_fd_sc_hd__o31a_1)
                                                         _1723_ (net)
                      0.163563    0.000584   23.909502 v _6151_/C (sky130_fd_sc_hd__or4b_2)
     4    0.016891    0.316146    1.664555   25.574057 v _6151_/X (sky130_fd_sc_hd__or4b_2)
                                                         _2013_ (net)
                      0.316146    0.000803   25.574860 v _6745_/A1 (sky130_fd_sc_hd__a2111o_1)
     2    0.009612    0.173956    0.884651   26.459511 v _6745_/X (sky130_fd_sc_hd__a2111o_1)
                                                         _2661_ (net)
                      0.173956    0.000369   26.459881 v _6747_/A1 (sky130_fd_sc_hd__a211o_1)
     3    0.009056    0.140527    0.592115   27.051994 v _6747_/X (sky130_fd_sc_hd__a211o_1)
                                                         _2664_ (net)
                      0.140527    0.000204   27.052200 v _6867_/A2 (sky130_fd_sc_hd__a31o_1)
     1    0.002250    0.061154    0.388310   27.440510 v _6867_/X (sky130_fd_sc_hd__a31o_1)
                                                         _2795_ (net)
                      0.061154    0.000068   27.440577 v _6868_/A2_N (sky130_fd_sc_hd__a2bb2o_1)
     1    0.018648    0.293918    0.645162   28.085739 ^ _6868_/X (sky130_fd_sc_hd__a2bb2o_1)
                                                         net101 (net)
                      0.293923    0.001627   28.087366 ^ output101/A (sky130_fd_sc_hd__clkbuf_4)
     1    0.036756    0.191169    0.437907   28.525274 ^ output101/X (sky130_fd_sc_hd__clkbuf_4)
                                                         return_port[31] (net)
                      0.191180    0.001663   28.526936 ^ return_port[31] (out)
                                             28.526936   data arrival time

                      0.000000   50.000000   50.000000   clock clk (rise edge)
                                  0.000000   50.000000   clock network delay (ideal)
                                 -0.250000   49.749996   clock uncertainty
                                  0.000000   49.749996   clock reconvergence pessimism
                                -10.000000   39.749996   output external delay
                                             39.749996   data required time
---------------------------------------------------------------------------------------------
                                             39.749996   data required time
                                            -28.526936   data arrival time
---------------------------------------------------------------------------------------------
                                             11.223061   slack (MET)




===========================================================================
report_checks --slack_max -0.01
============================================================================
======================= nom_ss_100C_1v60 Corner ===================================

No paths found.


===========================================================================
 report_check_types -max_slew -max_cap -max_fanout -violators
============================================================================
======================= nom_ss_100C_1v60 Corner ===================================

max slew

Pin                                        Limit        Slew       Slack
------------------------------------------------------------------------
_5401_/Y                                0.750000    0.960749   -0.210749 (VIOLATED)
_5403_/B1                               0.750000    0.960749   -0.210749 (VIOLATED)
_5404_/A1                               0.750000    0.960749   -0.210749 (VIOLATED)
max_cap111/A                            0.750000    0.960749   -0.210749 (VIOLATED)
_5867_/Y                                0.750000    0.933107   -0.183107 (VIOLATED)
_5869_/B1                               0.750000    0.933107   -0.183107 (VIOLATED)
_5871_/A1                               0.750000    0.933107   -0.183107 (VIOLATED)
max_cap110/A                            0.750000    0.933107   -0.183107 (VIOLATED)
fanout150/A                             0.750000    0.922974   -0.172974 (VIOLATED)
fanout149/A                             0.750000    0.922929   -0.172929 (VIOLATED)
_4271_/Y                                0.750000    0.922926   -0.172926 (VIOLATED)
_5954_/Y                                0.750000    0.854170   -0.104170 (VIOLATED)
_6091_/A2                               0.750000    0.854170   -0.104170 (VIOLATED)
_6092_/C1                               0.750000    0.854170   -0.104170 (VIOLATED)
max_cap113/A                            0.750000    0.854170   -0.104170 (VIOLATED)
_3705_/A1                               0.750000    0.837663   -0.087663 (VIOLATED)
_3439_/Y                                0.750000    0.837653   -0.087653 (VIOLATED)
fanout145/A                             0.750000    0.837653   -0.087653 (VIOLATED)
_6138_/Y                                0.750000    0.815020   -0.065020 (VIOLATED)
_6285_/A2                               0.750000    0.815020   -0.065020 (VIOLATED)
_6286_/C1                               0.750000    0.815020   -0.065020 (VIOLATED)
max_cap109/A                            0.750000    0.815020   -0.065020 (VIOLATED)
_3478_/Y                                0.750000    0.790456   -0.040457 (VIOLATED)
_3803_/A1                               0.750000    0.790456   -0.040457 (VIOLATED)
_3949_/A1                               0.750000    0.790456   -0.040457 (VIOLATED)
fanout122/A                             0.750000    0.790456   -0.040457 (VIOLATED)

max fanout

Pin                                   Limit Fanout  Slack
---------------------------------------------------------
fanout320/X                              10     12     -2 (VIOLATED)
fanout321/X                              10     11        (VIOLATED)
fanout382/X                              10     11        (VIOLATED)



===========================================================================
report_parasitic_annotation -report_unannotated
============================================================================
Found 0 unannotated drivers.
Found 0 partially unannotated drivers.

===========================================================================
max slew violation count 26
max fanout violation count 3
max cap violation count 0
============================================================================

===========================================================================
check_setup -verbose -unconstrained_endpoints -multiple_clock -no_clock -no_input_delay -loops -generated_clocks
===========================================================================
Warning: There are 36 unclocked register/latch pins.
  _6874_/CLK
  _6875_/CLK
  _6876_/CLK
  _6877_/CLK
  _6878_/CLK
  _6879_/CLK
  _6880_/CLK
  _6881_/CLK
  _6882_/CLK
  _6883_/CLK
  _6884_/CLK
  _6885_/CLK
  _6886_/CLK
  _6887_/CLK
  _6888_/CLK
  _6889_/CLK
  _6890_/CLK
  _6891_/CLK
  _6892_/CLK
  _6893_/CLK
  _6894_/CLK
  _6895_/CLK
  _6896_/CLK
  _6897_/CLK
  _6898_/CLK
  _6899_/CLK
  _6900_/CLK
  _6901_/CLK
  _6902_/CLK
  _6903_/CLK
  _6904_/CLK
  _6905_/CLK
  _6906_/CLK
  _6907_/CLK
  _6908_/CLK
  _6909_/CLK
Warning: There are 37 unconstrained endpoints.
  done_port
  _6874_/D
  _6875_/D
  _6876_/D
  _6877_/D
  _6878_/D
  _6879_/D
  _6880_/D
  _6881_/D
  _6882_/D
  _6883_/D
  _6884_/D
  _6885_/D
  _6886_/D
  _6887_/D
  _6888_/D
  _6889_/D
  _6890_/D
  _6891_/D
  _6892_/D
  _6893_/D
  _6894_/D
  _6895_/D
  _6896_/D
  _6897_/D
  _6898_/D
  _6899_/D
  _6900_/D
  _6901_/D
  _6902_/D
  _6903_/D
  _6904_/D
  _6905_/D
  _6906_/D
  _6907_/D
  _6908_/D
  _6909_/D
