
===========================================================================
 report_power
============================================================================
======================= nom_ss_100C_1v60 Corner ===================================

Group                    Internal    Switching      Leakage        Total
                            Power        Power        Power        Power (Watts)
------------------------------------------------------------------------
Sequential           1.580579e-06 2.258778e-07 4.922910e-07 2.298747e-06   0.1%
Combinational        6.681939e-04 1.001823e-03 1.795356e-05 1.687971e-03  99.9%
Clock                -5.092544e-10 0.000000e+00 9.548562e-09 9.039308e-09   0.0%
Macro                0.000000e+00 0.000000e+00 0.000000e+00 0.000000e+00   0.0%
Pad                  0.000000e+00 0.000000e+00 0.000000e+00 0.000000e+00   0.0%
------------------------------------------------------------------------
Total                6.697740e-04 1.002049e-03 1.845540e-05 1.690279e-03 100.0%
                            39.6%        59.3%         1.1%

