
===========================================================================
report_checks -unconstrained
===========================================================================
======================= nom_tt_025C_1v80 Corner ===================================

Startpoint: b[4] (input port clocked by clk)
Endpoint: return_port[31] (output port clocked by clk)
Path Group: clk
Path Type: max

Fanout         Cap        Slew       Delay        Time   Description
---------------------------------------------------------------------------------------------
                      0.000000    0.000000    0.000000   clock clk (rise edge)
                                  0.000000    0.000000   clock network delay (ideal)
                                 10.000000   10.000000 ^ input external delay
     1    0.006232    0.034702    0.021915   10.021915 ^ b[4] (in)
                                                         b[4] (net)
                      0.034704    0.000000   10.021915 ^ input59/A (sky130_fd_sc_hd__buf_1)
     1    0.015479    0.187181    0.176952   10.198867 ^ input59/X (sky130_fd_sc_hd__buf_1)
                                                         net59 (net)
                      0.187193    0.001279   10.200146 ^ fanout230/A (sky130_fd_sc_hd__clkbuf_4)
     6    0.062360    0.190317    0.291637   10.491783 ^ fanout230/X (sky130_fd_sc_hd__clkbuf_4)
                                                         net230 (net)
                      0.190322    0.001322   10.493105 ^ fanout229/A (sky130_fd_sc_hd__clkbuf_2)
     5    0.031104    0.172971    0.241335   10.734440 ^ fanout229/X (sky130_fd_sc_hd__clkbuf_2)
                                                         net229 (net)
                      0.172977    0.001249   10.735688 ^ fanout228/A (sky130_fd_sc_hd__dlymetal6s2s_1)
     5    0.023988    0.252223    0.271331   11.007019 ^ fanout228/X (sky130_fd_sc_hd__dlymetal6s2s_1)
                                                         net228 (net)
                      0.252223    0.000293   11.007312 ^ fanout227/A (sky130_fd_sc_hd__buf_2)
    10    0.041204    0.203161    0.284017   11.291329 ^ fanout227/X (sky130_fd_sc_hd__buf_2)
                                                         net227 (net)
                      0.203171    0.001627   11.292956 ^ _4978_/A1 (sky130_fd_sc_hd__a22o_1)
     3    0.007951    0.090518    0.207053   11.500010 ^ _4978_/X (sky130_fd_sc_hd__a22o_1)
                                                         _0736_ (net)
                      0.090518    0.000094   11.500103 ^ _4980_/D_N (sky130_fd_sc_hd__or4b_1)
     2    0.008405    0.118435    0.488051   11.988154 v _4980_/X (sky130_fd_sc_hd__or4b_1)
                                                         _0738_ (net)
                      0.118435    0.000303   11.988458 v _4983_/A2 (sky130_fd_sc_hd__a21oi_1)
     2    0.006604    0.173936    0.218610   12.207067 ^ _4983_/Y (sky130_fd_sc_hd__a21oi_1)
                                                         _0741_ (net)
                      0.173936    0.000170   12.207237 ^ _4984_/B (sky130_fd_sc_hd__nor2_1)
     1    0.006292    0.058282    0.081595   12.288833 v _4984_/Y (sky130_fd_sc_hd__nor2_1)
                                                         _0742_ (net)
                      0.058282    0.000211   12.289044 v _4985_/B (sky130_fd_sc_hd__xnor2_1)
     2    0.009081    0.237856    0.226250   12.515294 ^ _4985_/Y (sky130_fd_sc_hd__xnor2_1)
                                                         _0743_ (net)
                      0.237856    0.000254   12.515548 ^ _4987_/B (sky130_fd_sc_hd__xnor2_1)
     2    0.011246    0.281229    0.212795   12.728343 ^ _4987_/Y (sky130_fd_sc_hd__xnor2_1)
                                                         _0745_ (net)
                      0.281230    0.000427   12.728770 ^ _4989_/B (sky130_fd_sc_hd__xnor2_1)
     2    0.008446    0.095635    0.147204   12.875975 v _4989_/Y (sky130_fd_sc_hd__xnor2_1)
                                                         _0747_ (net)
                      0.095635    0.000221   12.876196 v _5010_/A (sky130_fd_sc_hd__and3_2)
     4    0.019543    0.074693    0.237985   13.114181 v _5010_/X (sky130_fd_sc_hd__and3_2)
                                                         _0769_ (net)
                      0.074694    0.000393   13.114573 v _5012_/A2 (sky130_fd_sc_hd__o21a_1)
     2    0.011034    0.071271    0.213736   13.328309 v _5012_/X (sky130_fd_sc_hd__o21a_1)
                                                         _0771_ (net)
                      0.071271    0.000135   13.328444 v _5014_/A2 (sky130_fd_sc_hd__o211a_1)
     2    0.004928    0.048047    0.221209   13.549653 v _5014_/X (sky130_fd_sc_hd__o211a_1)
                                                         _0773_ (net)
                      0.048047    0.000108   13.549762 v _5015_/C (sky130_fd_sc_hd__or3_2)
     4    0.013369    0.111230    0.462724   14.012486 v _5015_/X (sky130_fd_sc_hd__or3_2)
                                                         _0774_ (net)
                      0.111230    0.000357   14.012843 v _5108_/A (sky130_fd_sc_hd__or3_2)
     4    0.021437    0.130852    0.574399   14.587242 v _5108_/X (sky130_fd_sc_hd__or3_2)
                                                         _0876_ (net)
                      0.130852    0.000484   14.587726 v _5111_/A1 (sky130_fd_sc_hd__a211o_1)
     2    0.006384    0.064530    0.303939   14.891665 v _5111_/X (sky130_fd_sc_hd__a211o_1)
                                                         _0879_ (net)
                      0.064530    0.000217   14.891882 v _5113_/A2 (sky130_fd_sc_hd__a211oi_1)
     2    0.008590    0.338710    0.354490   15.246371 ^ _5113_/Y (sky130_fd_sc_hd__a211oi_1)
                                                         _0881_ (net)
                      0.338710    0.000243   15.246615 ^ _5114_/C1 (sky130_fd_sc_hd__a211oi_2)
     4    0.014013    0.100178    0.109646   15.356260 v _5114_/Y (sky130_fd_sc_hd__a211oi_2)
                                                         _0882_ (net)
                      0.100179    0.000220   15.356481 v _5116_/A1 (sky130_fd_sc_hd__o211a_1)
     3    0.007174    0.058545    0.260682   15.617163 v _5116_/X (sky130_fd_sc_hd__o211a_1)
                                                         _0884_ (net)
                      0.058545    0.000144   15.617307 v _5216_/C (sky130_fd_sc_hd__or4b_1)
     2    0.007176    0.110852    0.504711   16.122019 v _5216_/X (sky130_fd_sc_hd__or4b_1)
                                                         _0993_ (net)
                      0.110852    0.000163   16.122181 v _5416_/A3 (sky130_fd_sc_hd__o311a_1)
     2    0.011840    0.091819    0.356538   16.478720 v _5416_/X (sky130_fd_sc_hd__o311a_1)
                                                         _1211_ (net)
                      0.091822    0.000652   16.479372 v _5885_/A2 (sky130_fd_sc_hd__o31a_1)
     3    0.012206    0.087465    0.336602   16.815973 v _5885_/X (sky130_fd_sc_hd__o31a_1)
                                                         _1723_ (net)
                      0.087467    0.000583   16.816555 v _6151_/C (sky130_fd_sc_hd__or4b_2)
     4    0.016761    0.149341    0.698545   17.515100 v _6151_/X (sky130_fd_sc_hd__or4b_2)
                                                         _2013_ (net)
                      0.149341    0.000796   17.515896 v _6745_/A1 (sky130_fd_sc_hd__a2111o_1)
     2    0.009548    0.093464    0.439556   17.955452 v _6745_/X (sky130_fd_sc_hd__a2111o_1)
                                                         _2661_ (net)
                      0.093464    0.000366   17.955818 v _6747_/A1 (sky130_fd_sc_hd__a211o_1)
     3    0.008967    0.076560    0.304652   18.260471 v _6747_/X (sky130_fd_sc_hd__a211o_1)
                                                         _2664_ (net)
                      0.076560    0.000201   18.260672 v _6867_/A2 (sky130_fd_sc_hd__a31o_1)
     1    0.002296    0.034369    0.207619   18.468290 v _6867_/X (sky130_fd_sc_hd__a31o_1)
                                                         _2795_ (net)
                      0.034369    0.000069   18.468359 v _6868_/A2_N (sky130_fd_sc_hd__a2bb2o_1)
     1    0.018655    0.188506    0.337101   18.805460 ^ _6868_/X (sky130_fd_sc_hd__a2bb2o_1)
                                                         net101 (net)
                      0.188517    0.001627   18.807089 ^ output101/A (sky130_fd_sc_hd__clkbuf_4)
     1    0.036756    0.119827    0.240480   19.047567 ^ output101/X (sky130_fd_sc_hd__clkbuf_4)
                                                         return_port[31] (net)
                      0.119850    0.001661   19.049229 ^ return_port[31] (out)
                                             19.049229   data arrival time

                      0.000000   50.000000   50.000000   clock clk (rise edge)
                                  0.000000   50.000000   clock network delay (ideal)
                                 -0.250000   49.749996   clock uncertainty
                                  0.000000   49.749996   clock reconvergence pessimism
                                -10.000000   39.749996   output external delay
                                             39.749996   data required time
---------------------------------------------------------------------------------------------
                                             39.749996   data required time
                                            -19.049229   data arrival time
---------------------------------------------------------------------------------------------
                                             20.700768   slack (MET)




===========================================================================
report_checks --slack_max -0.01
============================================================================
======================= nom_tt_025C_1v80 Corner ===================================

No paths found.


===========================================================================
 report_check_types -max_slew -max_cap -max_fanout -violators
============================================================================
======================= nom_tt_025C_1v80 Corner ===================================

max fanout

Pin                                   Limit Fanout  Slack
---------------------------------------------------------
fanout320/X                              10     12     -2 (VIOLATED)
fanout321/X                              10     11        (VIOLATED)
fanout382/X                              10     11        (VIOLATED)



===========================================================================
report_parasitic_annotation -report_unannotated
============================================================================
Found 0 unannotated drivers.
Found 0 partially unannotated drivers.

===========================================================================
max slew violation count 0
max fanout violation count 3
max cap violation count 0
============================================================================

===========================================================================
check_setup -verbose -unconstrained_endpoints -multiple_clock -no_clock -no_input_delay -loops -generated_clocks
===========================================================================
Warning: There are 36 unclocked register/latch pins.
  _6874_/CLK
  _6875_/CLK
  _6876_/CLK
  _6877_/CLK
  _6878_/CLK
  _6879_/CLK
  _6880_/CLK
  _6881_/CLK
  _6882_/CLK
  _6883_/CLK
  _6884_/CLK
  _6885_/CLK
  _6886_/CLK
  _6887_/CLK
  _6888_/CLK
  _6889_/CLK
  _6890_/CLK
  _6891_/CLK
  _6892_/CLK
  _6893_/CLK
  _6894_/CLK
  _6895_/CLK
  _6896_/CLK
  _6897_/CLK
  _6898_/CLK
  _6899_/CLK
  _6900_/CLK
  _6901_/CLK
  _6902_/CLK
  _6903_/CLK
  _6904_/CLK
  _6905_/CLK
  _6906_/CLK
  _6907_/CLK
  _6908_/CLK
  _6909_/CLK
Warning: There are 37 unconstrained endpoints.
  done_port
  _6874_/D
  _6875_/D
  _6876_/D
  _6877_/D
  _6878_/D
  _6879_/D
  _6880_/D
  _6881_/D
  _6882_/D
  _6883_/D
  _6884_/D
  _6885_/D
  _6886_/D
  _6887_/D
  _6888_/D
  _6889_/D
  _6890_/D
  _6891_/D
  _6892_/D
  _6893_/D
  _6894_/D
  _6895_/D
  _6896_/D
  _6897_/D
  _6898_/D
  _6899_/D
  _6900_/D
  _6901_/D
  _6902_/D
  _6903_/D
  _6904_/D
  _6905_/D
  _6906_/D
  _6907_/D
  _6908_/D
  _6909_/D
