
===========================================================================
report_checks -unconstrained
===========================================================================
======================= nom_ff_n40C_1v95 Corner ===================================

Startpoint: b[4] (input port clocked by clk)
Endpoint: return_port[31] (output port clocked by clk)
Path Group: clk
Path Type: max

Fanout         Cap        Slew       Delay        Time   Description
---------------------------------------------------------------------------------------------
                      0.000000    0.000000    0.000000   clock clk (rise edge)
                                  0.000000    0.000000   clock network delay (ideal)
                                 10.000000   10.000000 ^ input external delay
     1    0.006299    0.026044    0.016195   10.016195 ^ b[4] (in)
                                                         b[4] (net)
                      0.026047    0.000000   10.016195 ^ input59/A (sky130_fd_sc_hd__buf_1)
     1    0.015510    0.139522    0.124673   10.140868 ^ input59/X (sky130_fd_sc_hd__buf_1)
                                                         net59 (net)
                      0.139539    0.001283   10.142151 ^ fanout230/A (sky130_fd_sc_hd__clkbuf_4)
     6    0.062715    0.145599    0.196502   10.338653 ^ fanout230/X (sky130_fd_sc_hd__clkbuf_4)
                                                         net230 (net)
                      0.145616    0.001329   10.339982 ^ fanout229/A (sky130_fd_sc_hd__clkbuf_2)
     5    0.031361    0.133759    0.161686   10.501667 ^ fanout229/X (sky130_fd_sc_hd__clkbuf_2)
                                                         net229 (net)
                      0.133777    0.001264   10.502932 ^ fanout228/A (sky130_fd_sc_hd__dlymetal6s2s_1)
     5    0.024146    0.194167    0.187942   10.690873 ^ fanout228/X (sky130_fd_sc_hd__dlymetal6s2s_1)
                                                         net228 (net)
                      0.194167    0.000295   10.691168 ^ fanout227/A (sky130_fd_sc_hd__buf_2)
    10    0.041561    0.154048    0.184542   10.875710 ^ fanout227/X (sky130_fd_sc_hd__buf_2)
                                                         net227 (net)
                      0.154073    0.001642   10.877353 ^ _4978_/A1 (sky130_fd_sc_hd__a22o_1)
     3    0.008079    0.066581    0.117410   10.994762 ^ _4978_/X (sky130_fd_sc_hd__a22o_1)
                                                         _0736_ (net)
                      0.066581    0.000097   10.994860 ^ _4980_/D_N (sky130_fd_sc_hd__or4b_1)
     2    0.008475    0.078043    0.271548   11.266408 v _4980_/X (sky130_fd_sc_hd__or4b_1)
                                                         _0738_ (net)
                      0.078043    0.000305   11.266712 v _4983_/A2 (sky130_fd_sc_hd__a21oi_1)
     2    0.006639    0.127611    0.149242   11.415955 ^ _4983_/Y (sky130_fd_sc_hd__a21oi_1)
                                                         _0741_ (net)
                      0.127611    0.000171   11.416125 ^ _4984_/B (sky130_fd_sc_hd__nor2_1)
     1    0.006266    0.044535    0.042427   11.458551 v _4984_/Y (sky130_fd_sc_hd__nor2_1)
                                                         _0742_ (net)
                      0.044537    0.000210   11.458762 v _4985_/B (sky130_fd_sc_hd__xnor2_1)
     2    0.008655    0.053882    0.101376   11.560138 v _4985_/Y (sky130_fd_sc_hd__xnor2_1)
                                                         _0743_ (net)
                      0.053882    0.000242   11.560380 v _4987_/B (sky130_fd_sc_hd__xnor2_1)
     2    0.011230    0.199316    0.181701   11.742081 ^ _4987_/Y (sky130_fd_sc_hd__xnor2_1)
                                                         _0745_ (net)
                      0.199317    0.000426   11.742507 ^ _4989_/B (sky130_fd_sc_hd__xnor2_1)
     2    0.008633    0.067955    0.076366   11.818872 v _4989_/Y (sky130_fd_sc_hd__xnor2_1)
                                                         _0747_ (net)
                      0.067957    0.000227   11.819099 v _5010_/A (sky130_fd_sc_hd__and3_2)
     4    0.019607    0.054294    0.152162   11.971262 v _5010_/X (sky130_fd_sc_hd__and3_2)
                                                         _0769_ (net)
                      0.054296    0.000394   11.971656 v _5012_/A2 (sky130_fd_sc_hd__o21a_1)
     2    0.011171    0.049903    0.138538   12.110194 v _5012_/X (sky130_fd_sc_hd__o21a_1)
                                                         _0771_ (net)
                      0.049903    0.000136   12.110330 v _5014_/A2 (sky130_fd_sc_hd__o211a_1)
     2    0.004991    0.034880    0.140457   12.250787 v _5014_/X (sky130_fd_sc_hd__o211a_1)
                                                         _0773_ (net)
                      0.034880    0.000110   12.250896 v _5015_/C (sky130_fd_sc_hd__or3_2)
     4    0.013565    0.074692    0.263849   12.514745 v _5015_/X (sky130_fd_sc_hd__or3_2)
                                                         _0774_ (net)
                      0.074693    0.000364   12.515109 v _5108_/A (sky130_fd_sc_hd__or3_2)
     4    0.021552    0.088295    0.332562   12.847672 v _5108_/X (sky130_fd_sc_hd__or3_2)
                                                         _0876_ (net)
                      0.088296    0.000487   12.848159 v _5111_/A1 (sky130_fd_sc_hd__a211o_1)
     2    0.006415    0.045486    0.188099   13.036258 v _5111_/X (sky130_fd_sc_hd__a211o_1)
                                                         _0879_ (net)
                      0.045486    0.000218   13.036475 v _5113_/A2 (sky130_fd_sc_hd__a211oi_1)
     2    0.008660    0.240197    0.241240   13.277716 ^ _5113_/Y (sky130_fd_sc_hd__a211oi_1)
                                                         _0881_ (net)
                      0.240197    0.000245   13.277961 ^ _5114_/C1 (sky130_fd_sc_hd__a211oi_2)
     4    0.014153    0.066550    0.045938   13.323899 v _5114_/Y (sky130_fd_sc_hd__a211oi_2)
                                                         _0882_ (net)
                      0.066551    0.000223   13.324121 v _5116_/A1 (sky130_fd_sc_hd__o211a_1)
     3    0.007348    0.041828    0.165916   13.490038 v _5116_/X (sky130_fd_sc_hd__o211a_1)
                                                         _0884_ (net)
                      0.041828    0.000147   13.490186 v _5216_/C (sky130_fd_sc_hd__or4b_1)
     2    0.007162    0.072126    0.285806   13.775991 v _5216_/X (sky130_fd_sc_hd__or4b_1)
                                                         _0993_ (net)
                      0.072126    0.000164   13.776155 v _5416_/A3 (sky130_fd_sc_hd__o311a_1)
     2    0.011941    0.066020    0.222221   13.998377 v _5416_/X (sky130_fd_sc_hd__o311a_1)
                                                         _1211_ (net)
                      0.066026    0.000659   13.999036 v _5885_/A2 (sky130_fd_sc_hd__o31a_1)
     3    0.012283    0.062160    0.212113   14.211149 v _5885_/X (sky130_fd_sc_hd__o31a_1)
                                                         _1723_ (net)
                      0.062164    0.000588   14.211737 v _6151_/C (sky130_fd_sc_hd__or4b_2)
     4    0.016795    0.099883    0.395554   14.607291 v _6151_/X (sky130_fd_sc_hd__or4b_2)
                                                         _2013_ (net)
                      0.099917    0.000798   14.608089 v _6745_/A1 (sky130_fd_sc_hd__a2111o_1)
     2    0.009571    0.066172    0.266655   14.874744 v _6745_/X (sky130_fd_sc_hd__a2111o_1)
                                                         _2661_ (net)
                      0.066173    0.000367   14.875112 v _6747_/A1 (sky130_fd_sc_hd__a211o_1)
     3    0.008980    0.054566    0.190017   15.065128 v _6747_/X (sky130_fd_sc_hd__a211o_1)
                                                         _2664_ (net)
                      0.054566    0.000203   15.065331 v _6867_/A2 (sky130_fd_sc_hd__a31o_1)
     1    0.002370    0.026000    0.133577   15.198908 v _6867_/X (sky130_fd_sc_hd__a31o_1)
                                                         _2795_ (net)
                      0.026000    0.000071   15.198978 v _6868_/A2_N (sky130_fd_sc_hd__a2bb2o_1)
     1    0.018686    0.143066    0.223062   15.422041 ^ _6868_/X (sky130_fd_sc_hd__a2bb2o_1)
                                                         net101 (net)
                      0.143141    0.001631   15.423672 ^ output101/A (sky130_fd_sc_hd__clkbuf_4)
     1    0.036756    0.090021    0.158394   15.582066 ^ output101/X (sky130_fd_sc_hd__clkbuf_4)
                                                         return_port[31] (net)
                      0.090055    0.001661   15.583727 ^ return_port[31] (out)
                                             15.583727   data arrival time

                      0.000000   50.000000   50.000000   clock clk (rise edge)
                                  0.000000   50.000000   clock network delay (ideal)
                                 -0.250000   49.749996   clock uncertainty
                                  0.000000   49.749996   clock reconvergence pessimism
                                -10.000000   39.749996   output external delay
                                             39.749996   data required time
---------------------------------------------------------------------------------------------
                                             39.749996   data required time
                                            -15.583727   data arrival time
---------------------------------------------------------------------------------------------
                                             24.166269   slack (MET)




===========================================================================
report_checks --slack_max -0.01
============================================================================
======================= nom_ff_n40C_1v95 Corner ===================================

No paths found.


===========================================================================
 report_check_types -max_slew -max_cap -max_fanout -violators
============================================================================
======================= nom_ff_n40C_1v95 Corner ===================================

max fanout

Pin                                   Limit Fanout  Slack
---------------------------------------------------------
fanout320/X                              10     12     -2 (VIOLATED)
fanout321/X                              10     11        (VIOLATED)
fanout382/X                              10     11        (VIOLATED)



===========================================================================
report_parasitic_annotation -report_unannotated
============================================================================
Found 0 unannotated drivers.
Found 0 partially unannotated drivers.

===========================================================================
max slew violation count 0
max fanout violation count 3
max cap violation count 0
============================================================================

===========================================================================
check_setup -verbose -unconstrained_endpoints -multiple_clock -no_clock -no_input_delay -loops -generated_clocks
===========================================================================
Warning: There are 36 unclocked register/latch pins.
  _6874_/CLK
  _6875_/CLK
  _6876_/CLK
  _6877_/CLK
  _6878_/CLK
  _6879_/CLK
  _6880_/CLK
  _6881_/CLK
  _6882_/CLK
  _6883_/CLK
  _6884_/CLK
  _6885_/CLK
  _6886_/CLK
  _6887_/CLK
  _6888_/CLK
  _6889_/CLK
  _6890_/CLK
  _6891_/CLK
  _6892_/CLK
  _6893_/CLK
  _6894_/CLK
  _6895_/CLK
  _6896_/CLK
  _6897_/CLK
  _6898_/CLK
  _6899_/CLK
  _6900_/CLK
  _6901_/CLK
  _6902_/CLK
  _6903_/CLK
  _6904_/CLK
  _6905_/CLK
  _6906_/CLK
  _6907_/CLK
  _6908_/CLK
  _6909_/CLK
Warning: There are 37 unconstrained endpoints.
  done_port
  _6874_/D
  _6875_/D
  _6876_/D
  _6877_/D
  _6878_/D
  _6879_/D
  _6880_/D
  _6881_/D
  _6882_/D
  _6883_/D
  _6884_/D
  _6885_/D
  _6886_/D
  _6887_/D
  _6888_/D
  _6889_/D
  _6890_/D
  _6891_/D
  _6892_/D
  _6893_/D
  _6894_/D
  _6895_/D
  _6896_/D
  _6897_/D
  _6898_/D
  _6899_/D
  _6900_/D
  _6901_/D
  _6902_/D
  _6903_/D
  _6904_/D
  _6905_/D
  _6906_/D
  _6907_/D
  _6908_/D
  _6909_/D
