Clock: clk
Sources: 
Generated: no
Virtual: yes
Propagated: no
Period: 50.000000

===========================================================================
report_clock_properties
============================================================================
Clock                   Period          Waveform
----------------------------------------------------
clk                  50.000000    0.000000 25.000000

===========================================================================
report_clock_latency
============================================================================
Clock clk
rise -> rise
    min     max
0.000000 0.000000 source latency
10.249700         network latency _6881_/CLK
        10.585938 network latency _6888_/CLK
---------------
10.249700 10.585938 latency
        0.336239 skew

rise -> fall
    min     max
0.000000 0.000000 source latency
10.188465         network latency _6881_/CLK
        10.478175 network latency _6888_/CLK
---------------
10.188465 10.478175 latency
        0.289710 skew



===========================================================================
report_clock_min_period
============================================================================
clk period_min = 0.00 fmax = inf
