
===========================================================================
 report_power
============================================================================
======================= nom_ff_n40C_1v95 Corner ===================================

Group                    Internal    Switching      Leakage        Total
                            Power        Power        Power        Power (Watts)
------------------------------------------------------------------------
Sequential           2.335543e-06 3.433173e-07 5.199561e-10 2.679380e-06   0.1%
Combinational        9.020382e-04 1.502689e-03 2.426280e-08 2.404752e-03  99.9%
Clock                7.199992e-10 0.000000e+00 1.122102e-08 1.194102e-08   0.0%
Macro                0.000000e+00 0.000000e+00 0.000000e+00 0.000000e+00   0.0%
Pad                  0.000000e+00 0.000000e+00 0.000000e+00 0.000000e+00   0.0%
------------------------------------------------------------------------
Total                9.043745e-04 1.503032e-03 3.600384e-08 2.407443e-03 100.0%
                            37.6%        62.4%         0.0%

