
===========================================================================
report_checks -unconstrained
===========================================================================
======================= nom_tt_025C_1v80 Corner ===================================

Startpoint: b[4] (input port clocked by clk)
Endpoint: return_port[31] (output port clocked by clk)
Path Group: clk
Path Type: max

Fanout         Cap        Slew       Delay        Time   Description
---------------------------------------------------------------------------------------------
                      0.000000    0.000000    0.000000   clock clk (rise edge)
                                  0.000000    0.000000   clock network delay (ideal)
                                 10.000000   10.000000 ^ input external delay
     1    0.005539    0.031653    0.019605   10.019605 ^ b[4] (in)
                                                         b[4] (net)
                      0.031654    0.000000   10.019605 ^ input59/A (sky130_fd_sc_hd__buf_1)
     1    0.009742    0.121771    0.131140   10.150745 ^ input59/X (sky130_fd_sc_hd__buf_1)
                                                         net59 (net)
                      0.121772    0.000256   10.151001 ^ fanout230/A (sky130_fd_sc_hd__clkbuf_4)
     6    0.035994    0.117347    0.217110   10.368111 ^ fanout230/X (sky130_fd_sc_hd__clkbuf_4)
                                                         net230 (net)
                      0.117347    0.000060   10.368172 ^ fanout229/A (sky130_fd_sc_hd__clkbuf_2)
     5    0.020761    0.118667    0.184574   10.552746 ^ fanout229/X (sky130_fd_sc_hd__clkbuf_2)
                                                         net229 (net)
                      0.118667    0.000144   10.552890 ^ fanout228/A (sky130_fd_sc_hd__dlymetal6s2s_1)
     5    0.017272    0.189452    0.216326   10.769216 ^ fanout228/X (sky130_fd_sc_hd__dlymetal6s2s_1)
                                                         net228 (net)
                      0.189452    0.000012   10.769227 ^ fanout227/A (sky130_fd_sc_hd__buf_2)
    10    0.031954    0.159844    0.237477   11.006703 ^ fanout227/X (sky130_fd_sc_hd__buf_2)
                                                         net227 (net)
                      0.159844    0.000135   11.006839 ^ _4978_/A1 (sky130_fd_sc_hd__a22o_1)
     3    0.007065    0.084653    0.189143   11.195981 ^ _4978_/X (sky130_fd_sc_hd__a22o_1)
                                                         _0736_ (net)
                      0.084653    0.000002   11.195983 ^ _4980_/D_N (sky130_fd_sc_hd__or4b_1)
     2    0.005557    0.100019    0.460902   11.656885 v _4980_/X (sky130_fd_sc_hd__or4b_1)
                                                         _0738_ (net)
                      0.100019    0.000034   11.656919 v _4982_/B (sky130_fd_sc_hd__and3_1)
     2    0.004409    0.045205    0.191640   11.848559 v _4982_/X (sky130_fd_sc_hd__and3_1)
                                                         _0740_ (net)
                      0.045205    0.000009   11.848569 v _4984_/A (sky130_fd_sc_hd__nor2_1)
     1    0.005275    0.119842    0.127025   11.975594 ^ _4984_/Y (sky130_fd_sc_hd__nor2_1)
                                                         _0742_ (net)
                      0.119842    0.000019   11.975612 ^ _4985_/B (sky130_fd_sc_hd__xnor2_1)
     2    0.008030    0.224593    0.167029   12.142641 ^ _4985_/Y (sky130_fd_sc_hd__xnor2_1)
                                                         _0743_ (net)
                      0.224593    0.000024   12.142665 ^ _4987_/B (sky130_fd_sc_hd__xnor2_1)
     2    0.009113    0.246469    0.194341   12.337007 ^ _4987_/Y (sky130_fd_sc_hd__xnor2_1)
                                                         _0745_ (net)
                      0.246469    0.000087   12.337093 ^ _4989_/B (sky130_fd_sc_hd__xnor2_1)
     2    0.007095    0.082370    0.130004   12.467097 v _4989_/Y (sky130_fd_sc_hd__xnor2_1)
                                                         _0747_ (net)
                      0.082370    0.000039   12.467136 v _5010_/A (sky130_fd_sc_hd__and3_2)
     4    0.017762    0.070812    0.228320   12.695456 v _5010_/X (sky130_fd_sc_hd__and3_2)
                                                         _0769_ (net)
                      0.070812    0.000040   12.695496 v _5012_/A2 (sky130_fd_sc_hd__o21a_1)
     2    0.010659    0.071665    0.210822   12.906318 v _5012_/X (sky130_fd_sc_hd__o21a_1)
                                                         _0771_ (net)
                      0.071665    0.000003   12.906320 v _5014_/A2 (sky130_fd_sc_hd__o211a_1)
     2    0.004139    0.046293    0.217264   13.123584 v _5014_/X (sky130_fd_sc_hd__o211a_1)
                                                         _0773_ (net)
                      0.046293    0.000008   13.123591 v _5015_/C (sky130_fd_sc_hd__or3_2)
     4    0.011603    0.105619    0.454436   13.578027 v _5015_/X (sky130_fd_sc_hd__or3_2)
                                                         _0774_ (net)
                      0.105619    0.000057   13.578084 v _5108_/A (sky130_fd_sc_hd__or3_2)
     4    0.019450    0.125396    0.565818   14.143902 v _5108_/X (sky130_fd_sc_hd__or3_2)
                                                         _0876_ (net)
                      0.125396    0.000036   14.143937 v _5111_/A1 (sky130_fd_sc_hd__a211o_1)
     2    0.005619    0.062881    0.297597   14.441535 v _5111_/X (sky130_fd_sc_hd__a211o_1)
                                                         _0879_ (net)
                      0.062881    0.000022   14.441557 v _5113_/A2 (sky130_fd_sc_hd__a211oi_1)
     2    0.007967    0.333027    0.340660   14.782217 ^ _5113_/Y (sky130_fd_sc_hd__a211oi_1)
                                                         _0881_ (net)
                      0.333027    0.000029   14.782246 ^ _5114_/C1 (sky130_fd_sc_hd__a211oi_2)
     4    0.012105    0.097993    0.101313   14.883559 v _5114_/Y (sky130_fd_sc_hd__a211oi_2)
                                                         _0882_ (net)
                      0.097993    0.000012   14.883572 v _5116_/A1 (sky130_fd_sc_hd__o211a_1)
     3    0.006087    0.054926    0.254253   15.137824 v _5116_/X (sky130_fd_sc_hd__o211a_1)
                                                         _0884_ (net)
                      0.054926    0.000012   15.137836 v _5216_/C (sky130_fd_sc_hd__or4b_1)
     2    0.006701    0.111211    0.499325   15.637161 v _5216_/X (sky130_fd_sc_hd__or4b_1)
                                                         _0993_ (net)
                      0.111211    0.000014   15.637176 v _5416_/A3 (sky130_fd_sc_hd__o311a_1)
     2    0.008400    0.077921    0.340382   15.977557 v _5416_/X (sky130_fd_sc_hd__o311a_1)
                                                         _1211_ (net)
                      0.077921    0.000176   15.977734 v _5885_/A2 (sky130_fd_sc_hd__o31a_1)
     3    0.009886    0.078034    0.321624   16.299356 v _5885_/X (sky130_fd_sc_hd__o31a_1)
                                                         _1723_ (net)
                      0.078034    0.000195   16.299553 v _6151_/C (sky130_fd_sc_hd__or4b_2)
     4    0.012761    0.138804    0.678339   16.977892 v _6151_/X (sky130_fd_sc_hd__or4b_2)
                                                         _2013_ (net)
                      0.138804    0.000171   16.978062 v _6745_/A1 (sky130_fd_sc_hd__a2111o_1)
     2    0.006708    0.079113    0.416957   17.395020 v _6745_/X (sky130_fd_sc_hd__a2111o_1)
                                                         _2661_ (net)
                      0.079113    0.000053   17.395073 v _6747_/A1 (sky130_fd_sc_hd__a211o_1)
     3    0.007587    0.072288    0.291060   17.686132 v _6747_/X (sky130_fd_sc_hd__a211o_1)
                                                         _2664_ (net)
                      0.072288    0.000016   17.686148 v _6867_/A2 (sky130_fd_sc_hd__a31o_1)
     1    0.001803    0.033118    0.202467   17.888615 v _6867_/X (sky130_fd_sc_hd__a31o_1)
                                                         _2795_ (net)
                      0.033118    0.000005   17.888620 v _6868_/A2_N (sky130_fd_sc_hd__a2bb2o_1)
     1    0.010298    0.110396    0.281693   18.170313 ^ _6868_/X (sky130_fd_sc_hd__a2bb2o_1)
                                                         net101 (net)
                      0.110396    0.000343   18.170656 ^ output101/A (sky130_fd_sc_hd__clkbuf_4)
     1    0.036593    0.119037    0.213923   18.384581 ^ output101/X (sky130_fd_sc_hd__clkbuf_4)
                                                         return_port[31] (net)
                      0.119039    0.000748   18.385328 ^ return_port[31] (out)
                                             18.385328   data arrival time

                      0.000000   50.000000   50.000000   clock clk (rise edge)
                                  0.000000   50.000000   clock network delay (ideal)
                                 -0.250000   49.749996   clock uncertainty
                                  0.000000   49.749996   clock reconvergence pessimism
                                -10.000000   39.749996   output external delay
                                             39.749996   data required time
---------------------------------------------------------------------------------------------
                                             39.749996   data required time
                                            -18.385328   data arrival time
---------------------------------------------------------------------------------------------
                                             21.364670   slack (MET)




===========================================================================
report_checks --slack_max -0.01
============================================================================
======================= nom_tt_025C_1v80 Corner ===================================

No paths found.


===========================================================================
 report_check_types -max_slew -max_cap -max_fanout -violators
============================================================================
======================= nom_tt_025C_1v80 Corner ===================================



===========================================================================
report_parasitic_annotation -report_unannotated
============================================================================
Found 0 unannotated drivers.
Found 0 partially unannotated drivers.

===========================================================================
max slew violation count 0
Writing metric design__max_slew_violation__count__corner:nom_tt_025C_1v80: 0
max fanout violation count 0
Writing metric design__max_fanout_violation__count__corner:nom_tt_025C_1v80: 0
max cap violation count 0
Writing metric design__max_cap_violation__count__corner:nom_tt_025C_1v80: 0
============================================================================

===========================================================================
check_setup -verbose -unconstrained_endpoints -multiple_clock -no_clock -no_input_delay -loops -generated_clocks
===========================================================================
Warning: There are 36 unclocked register/latch pins.
  _6874_/CLK
  _6875_/CLK
  _6876_/CLK
  _6877_/CLK
  _6878_/CLK
  _6879_/CLK
  _6880_/CLK
  _6881_/CLK
  _6882_/CLK
  _6883_/CLK
  _6884_/CLK
  _6885_/CLK
  _6886_/CLK
  _6887_/CLK
  _6888_/CLK
  _6889_/CLK
  _6890_/CLK
  _6891_/CLK
  _6892_/CLK
  _6893_/CLK
  _6894_/CLK
  _6895_/CLK
  _6896_/CLK
  _6897_/CLK
  _6898_/CLK
  _6899_/CLK
  _6900_/CLK
  _6901_/CLK
  _6902_/CLK
  _6903_/CLK
  _6904_/CLK
  _6905_/CLK
  _6906_/CLK
  _6907_/CLK
  _6908_/CLK
  _6909_/CLK
Warning: There are 37 unconstrained endpoints.
  done_port
  _6874_/D
  _6875_/D
  _6876_/D
  _6877_/D
  _6878_/D
  _6879_/D
  _6880_/D
  _6881_/D
  _6882_/D
  _6883_/D
  _6884_/D
  _6885_/D
  _6886_/D
  _6887_/D
  _6888_/D
  _6889_/D
  _6890_/D
  _6891_/D
  _6892_/D
  _6893_/D
  _6894_/D
  _6895_/D
  _6896_/D
  _6897_/D
  _6898_/D
  _6899_/D
  _6900_/D
  _6901_/D
  _6902_/D
  _6903_/D
  _6904_/D
  _6905_/D
  _6906_/D
  _6907_/D
  _6908_/D
  _6909_/D
