
===========================================================================
report_checks -unconstrained
===========================================================================
======================= nom_tt_025C_1v80 Corner ===================================

Startpoint: b[4] (input port clocked by clk)
Endpoint: return_port[31] (output port clocked by clk)
Path Group: clk
Path Type: max

Fanout         Cap        Slew       Delay        Time   Description
---------------------------------------------------------------------------------------------
                      0.000000    0.000000    0.000000   clock clk (rise edge)
                                  0.000000    0.000000   clock network delay (ideal)
                                 10.000000   10.000000 ^ input external delay
     1    0.006453    0.035682    0.022655   10.022655 ^ b[4] (in)
                                                         b[4] (net)
                      0.035684    0.000000   10.022655 ^ input59/A (sky130_fd_sc_hd__buf_1)
     1    0.010572    0.131282    0.138855   10.161510 ^ input59/X (sky130_fd_sc_hd__buf_1)
                                                         net59 (net)
                      0.131290    0.000812   10.162322 ^ fanout230/A (sky130_fd_sc_hd__clkbuf_4)
     6    0.037298    0.121182    0.222556   10.384878 ^ fanout230/X (sky130_fd_sc_hd__clkbuf_4)
                                                         net230 (net)
                      0.121182    0.000414   10.385292 ^ fanout229/A (sky130_fd_sc_hd__clkbuf_2)
     5    0.022176    0.126109    0.190753   10.576045 ^ fanout229/X (sky130_fd_sc_hd__clkbuf_2)
                                                         net229 (net)
                      0.126112    0.000774   10.576819 ^ fanout228/A (sky130_fd_sc_hd__dlymetal6s2s_1)
     5    0.019008    0.205761    0.229348   10.806168 ^ fanout228/X (sky130_fd_sc_hd__dlymetal6s2s_1)
                                                         net228 (net)
                      0.205762    0.000360   10.806527 ^ fanout227/A (sky130_fd_sc_hd__buf_2)
    10    0.033359    0.166561    0.245922   11.052449 ^ fanout227/X (sky130_fd_sc_hd__buf_2)
                                                         net227 (net)
                      0.166565    0.001044   11.053493 ^ _4978_/A1 (sky130_fd_sc_hd__a22o_1)
     3    0.007558    0.086557    0.194354   11.247847 ^ _4978_/X (sky130_fd_sc_hd__a22o_1)
                                                         _0736_ (net)
                      0.086557    0.000107   11.247954 ^ _4980_/D_N (sky130_fd_sc_hd__or4b_1)
     2    0.006911    0.108885    0.473580   11.721535 v _4980_/X (sky130_fd_sc_hd__or4b_1)
                                                         _0738_ (net)
                      0.108885    0.000302   11.721836 v _4983_/A2 (sky130_fd_sc_hd__a21oi_1)
     2    0.007165    0.184474    0.222776   11.944613 ^ _4983_/Y (sky130_fd_sc_hd__a21oi_1)
                                                         _0741_ (net)
                      0.184474    0.000155   11.944767 ^ _4984_/B (sky130_fd_sc_hd__nor2_1)
     1    0.005341    0.056757    0.077245   12.022012 v _4984_/Y (sky130_fd_sc_hd__nor2_1)
                                                         _0742_ (net)
                      0.056757    0.000181   12.022193 v _4985_/B (sky130_fd_sc_hd__xnor2_1)
     2    0.008542    0.227110    0.217558   12.239752 ^ _4985_/Y (sky130_fd_sc_hd__xnor2_1)
                                                         _0743_ (net)
                      0.227110    0.000203   12.239955 ^ _4987_/B (sky130_fd_sc_hd__xnor2_1)
     2    0.010274    0.261695    0.203443   12.443398 ^ _4987_/Y (sky130_fd_sc_hd__xnor2_1)
                                                         _0745_ (net)
                      0.261697    0.000454   12.443851 ^ _4989_/B (sky130_fd_sc_hd__xnor2_1)
     2    0.007715    0.088361    0.137564   12.581415 v _4989_/Y (sky130_fd_sc_hd__xnor2_1)
                                                         _0747_ (net)
                      0.088361    0.000201   12.581616 v _5010_/A (sky130_fd_sc_hd__and3_2)
     4    0.019998    0.075721    0.235655   12.817271 v _5010_/X (sky130_fd_sc_hd__and3_2)
                                                         _0769_ (net)
                      0.075723    0.000552   12.817822 v _5012_/A2 (sky130_fd_sc_hd__o21a_1)
     2    0.011518    0.073419    0.216023   13.033846 v _5012_/X (sky130_fd_sc_hd__o21a_1)
                                                         _0771_ (net)
                      0.073419    0.000163   13.034008 v _5014_/A2 (sky130_fd_sc_hd__o211a_1)
     2    0.005165    0.049098    0.223296   13.257304 v _5014_/X (sky130_fd_sc_hd__o211a_1)
                                                         _0773_ (net)
                      0.049098    0.000153   13.257457 v _5015_/C (sky130_fd_sc_hd__or3_2)
     4    0.013036    0.110515    0.461800   13.719257 v _5015_/X (sky130_fd_sc_hd__or3_2)
                                                         _0774_ (net)
                      0.110515    0.000348   13.719605 v _5108_/A (sky130_fd_sc_hd__or3_2)
     4    0.021771    0.131811    0.575260   14.294866 v _5108_/X (sky130_fd_sc_hd__or3_2)
                                                         _0876_ (net)
                      0.131812    0.000683   14.295548 v _5111_/A1 (sky130_fd_sc_hd__a211o_1)
     2    0.006695    0.066102    0.306092   14.601641 v _5111_/X (sky130_fd_sc_hd__a211o_1)
                                                         _0879_ (net)
                      0.066102    0.000227   14.601868 v _5113_/A2 (sky130_fd_sc_hd__a211oi_1)
     2    0.009320    0.359154    0.370661   14.972528 ^ _5113_/Y (sky130_fd_sc_hd__a211oi_1)
                                                         _0881_ (net)
                      0.359154    0.000304   14.972833 ^ _5114_/C1 (sky130_fd_sc_hd__a211oi_2)
     4    0.013500    0.102212    0.108976   15.081808 v _5114_/Y (sky130_fd_sc_hd__a211oi_2)
                                                         _0882_ (net)
                      0.102213    0.000318   15.082127 v _5116_/A1 (sky130_fd_sc_hd__o211a_1)
     3    0.006971    0.057561    0.260364   15.342490 v _5116_/X (sky130_fd_sc_hd__o211a_1)
                                                         _0884_ (net)
                      0.057561    0.000140   15.342630 v _5216_/C (sky130_fd_sc_hd__or4b_1)
     2    0.007836    0.115491    0.510473   15.853105 v _5216_/X (sky130_fd_sc_hd__or4b_1)
                                                         _0993_ (net)
                      0.115491    0.000178   15.853282 v _5416_/A3 (sky130_fd_sc_hd__o311a_1)
     2    0.009158    0.081078    0.345969   16.199251 v _5416_/X (sky130_fd_sc_hd__o311a_1)
                                                         _1211_ (net)
                      0.081080    0.000531   16.199781 v _5885_/A2 (sky130_fd_sc_hd__o31a_1)
     3    0.011509    0.084615    0.329548   16.529329 v _5885_/X (sky130_fd_sc_hd__o31a_1)
                                                         _1723_ (net)
                      0.084618    0.000629   16.529959 v _6151_/C (sky130_fd_sc_hd__or4b_2)
     4    0.014409    0.143008    0.687381   17.217339 v _6151_/X (sky130_fd_sc_hd__or4b_2)
                                                         _2013_ (net)
                      0.143008    0.000654   17.217993 v _6745_/A1 (sky130_fd_sc_hd__a2111o_1)
     2    0.007334    0.082909    0.422583   17.640575 v _6745_/X (sky130_fd_sc_hd__a2111o_1)
                                                         _2661_ (net)
                      0.082909    0.000304   17.640879 v _6747_/A1 (sky130_fd_sc_hd__a211o_1)
     3    0.008094    0.073535    0.295410   17.936289 v _6747_/X (sky130_fd_sc_hd__a211o_1)
                                                         _2664_ (net)
                      0.073535    0.000178   17.936466 v _6867_/A2 (sky130_fd_sc_hd__a31o_1)
     1    0.001814    0.032393    0.203057   18.139524 v _6867_/X (sky130_fd_sc_hd__a31o_1)
                                                         _2795_ (net)
                      0.032393    0.000037   18.139561 v _6868_/A2_N (sky130_fd_sc_hd__a2bb2o_1)
     1    0.011273    0.119519    0.287722   18.427284 ^ _6868_/X (sky130_fd_sc_hd__a2bb2o_1)
                                                         net101 (net)
                      0.119523    0.000881   18.428164 ^ output101/A (sky130_fd_sc_hd__clkbuf_4)
     1    0.038322    0.123640    0.219908   18.648071 ^ output101/X (sky130_fd_sc_hd__clkbuf_4)
                                                         return_port[31] (net)
                      0.123697    0.002483   18.650555 ^ return_port[31] (out)
                                             18.650555   data arrival time

                      0.000000   50.000000   50.000000   clock clk (rise edge)
                                  0.000000   50.000000   clock network delay (ideal)
                                 -0.250000   49.749996   clock uncertainty
                                  0.000000   49.749996   clock reconvergence pessimism
                                -10.000000   39.749996   output external delay
                                             39.749996   data required time
---------------------------------------------------------------------------------------------
                                             39.749996   data required time
                                            -18.650555   data arrival time
---------------------------------------------------------------------------------------------
                                             21.099442   slack (MET)




===========================================================================
report_checks --slack_max -0.01
============================================================================
======================= nom_tt_025C_1v80 Corner ===================================

No paths found.


===========================================================================
 report_check_types -max_slew -max_cap -max_fanout -violators
============================================================================
======================= nom_tt_025C_1v80 Corner ===================================

max fanout

Pin                                   Limit Fanout  Slack
---------------------------------------------------------
fanout320/X                              10     12     -2 (VIOLATED)
fanout321/X                              10     11        (VIOLATED)
fanout382/X                              10     11        (VIOLATED)



===========================================================================
report_parasitic_annotation -report_unannotated
============================================================================
Found 0 unannotated drivers.
Found 0 partially unannotated drivers.

===========================================================================
max slew violation count 0
Writing metric design__max_slew_violation__count__corner:nom_tt_025C_1v80: 0
max fanout violation count 3
Writing metric design__max_fanout_violation__count__corner:nom_tt_025C_1v80: 3
max cap violation count 0
Writing metric design__max_cap_violation__count__corner:nom_tt_025C_1v80: 0
============================================================================

===========================================================================
check_setup -verbose -unconstrained_endpoints -multiple_clock -no_clock -no_input_delay -loops -generated_clocks
===========================================================================
Warning: There are 36 unclocked register/latch pins.
  _6874_/CLK
  _6875_/CLK
  _6876_/CLK
  _6877_/CLK
  _6878_/CLK
  _6879_/CLK
  _6880_/CLK
  _6881_/CLK
  _6882_/CLK
  _6883_/CLK
  _6884_/CLK
  _6885_/CLK
  _6886_/CLK
  _6887_/CLK
  _6888_/CLK
  _6889_/CLK
  _6890_/CLK
  _6891_/CLK
  _6892_/CLK
  _6893_/CLK
  _6894_/CLK
  _6895_/CLK
  _6896_/CLK
  _6897_/CLK
  _6898_/CLK
  _6899_/CLK
  _6900_/CLK
  _6901_/CLK
  _6902_/CLK
  _6903_/CLK
  _6904_/CLK
  _6905_/CLK
  _6906_/CLK
  _6907_/CLK
  _6908_/CLK
  _6909_/CLK
Warning: There are 37 unconstrained endpoints.
  done_port
  _6874_/D
  _6875_/D
  _6876_/D
  _6877_/D
  _6878_/D
  _6879_/D
  _6880_/D
  _6881_/D
  _6882_/D
  _6883_/D
  _6884_/D
  _6885_/D
  _6886_/D
  _6887_/D
  _6888_/D
  _6889_/D
  _6890_/D
  _6891_/D
  _6892_/D
  _6893_/D
  _6894_/D
  _6895_/D
  _6896_/D
  _6897_/D
  _6898_/D
  _6899_/D
  _6900_/D
  _6901_/D
  _6902_/D
  _6903_/D
  _6904_/D
  _6905_/D
  _6906_/D
  _6907_/D
  _6908_/D
  _6909_/D
