
===========================================================================
 report_power
============================================================================
======================= nom_tt_025C_1v80 Corner ===================================

Group                    Internal    Switching      Leakage        Total
                            Power        Power        Power        Power (Watts)
------------------------------------------------------------------------
Sequential           2.016009e-06 2.417685e-07 2.913851e-10 2.258069e-06   0.1%
Combinational        8.199468e-04 1.158200e-03 1.463052e-08 1.978162e-03  99.9%
Clock                -9.947429e-13 0.000000e+00 7.584309e-10 7.574362e-10   0.0%
Macro                0.000000e+00 0.000000e+00 0.000000e+00 0.000000e+00   0.0%
Pad                  0.000000e+00 0.000000e+00 0.000000e+00 0.000000e+00   0.0%
------------------------------------------------------------------------
Total                8.219627e-04 1.158442e-03 1.568043e-08 1.980420e-03 100.0%
                            41.5%        58.5%         0.0%
Writing metric power__internal__total: 0.0008219627197831869
Writing metric power__switching__total: 0.001158441766165197
Writing metric power__leakage__total: 1.568043295208099e-8
Writing metric power__total: 0.001980419969186187

