
===========================================================================
 report_power
============================================================================
======================= nom_tt_025C_1v80 Corner ===================================

Group                    Internal    Switching      Leakage        Total
                            Power        Power        Power        Power (Watts)
------------------------------------------------------------------------
Sequential           2.014000e-06 2.124071e-07 2.913851e-10 2.226698e-06   0.1%
Combinational        8.185733e-04 1.072609e-03 1.463052e-08 1.891197e-03  99.9%
Clock                0.000000e+00 0.000000e+00 7.581677e-10 7.581677e-10   0.0%
Macro                0.000000e+00 0.000000e+00 0.000000e+00 0.000000e+00   0.0%
Pad                  0.000000e+00 0.000000e+00 0.000000e+00 0.000000e+00   0.0%
------------------------------------------------------------------------
Total                8.205874e-04 1.072822e-03 1.568014e-08 1.893425e-03 100.0%
                            43.3%        56.7%         0.0%
Writing metric power__internal__total: 0.0008205874473787844
Writing metric power__switching__total: 0.0010728216730058193
Writing metric power__leakage__total: 1.568013985320249e-8
Writing metric power__total: 0.0018934247782453895

