Clock: clk
Sources: 
Generated: no
Virtual: yes
Propagated: no
Period: 50.000000

===========================================================================
report_clock_properties
============================================================================
Clock                   Period          Waveform
----------------------------------------------------
clk                  50.000000    0.000000 25.000000

===========================================================================
report_clock_latency
============================================================================
Clock clk
rise -> rise
    min     max
0.000000 0.000000 source latency
10.588508         network latency _6881_/CLK
        11.441881 network latency _6888_/CLK
---------------
10.588508 11.441881 latency
        0.853374 skew

rise -> fall
    min     max
0.000000 0.000000 source latency
10.534673         network latency _6881_/CLK
        11.280610 network latency _6888_/CLK
---------------
10.534673 11.280610 latency
        0.745937 skew



===========================================================================
report_clock_min_period
============================================================================
clk period_min = 0.00 fmax = inf
