
===========================================================================
 report_power
============================================================================
======================= min_ss_100C_1v60 Corner ===================================

Group                    Internal    Switching      Leakage        Total
                            Power        Power        Power        Power (Watts)
------------------------------------------------------------------------
Sequential           1.581036e-06 2.134317e-07 4.922910e-07 2.286759e-06   0.1%
Combinational        6.681901e-04 9.681330e-04 1.795356e-05 1.654277e-03  99.9%
Clock                -5.215852e-10 0.000000e+00 9.548562e-09 9.026976e-09   0.0%
Macro                0.000000e+00 0.000000e+00 0.000000e+00 0.000000e+00   0.0%
Pad                  0.000000e+00 0.000000e+00 0.000000e+00 0.000000e+00   0.0%
------------------------------------------------------------------------
Total                6.697706e-04 9.683463e-04 1.845540e-05 1.656572e-03 100.0%
                            40.4%        58.5%         1.1%

