
===========================================================================
 report_power
============================================================================
======================= nom_ss_100C_1v60 Corner ===================================

Group                    Internal    Switching      Leakage        Total
                            Power        Power        Power        Power (Watts)
------------------------------------------------------------------------
Sequential           1.667192e-06 1.839498e-07 5.389040e-07 2.390046e-06   0.2%
Combinational        7.833799e-04 7.486168e-04 1.821390e-05 1.550211e-03  99.8%
Clock                0.000000e+00 0.000000e+00 0.000000e+00 0.000000e+00   0.0%
Macro                0.000000e+00 0.000000e+00 0.000000e+00 0.000000e+00   0.0%
Pad                  0.000000e+00 0.000000e+00 0.000000e+00 0.000000e+00   0.0%
------------------------------------------------------------------------
Total                7.850471e-04 7.488008e-04 1.875281e-05 1.552601e-03 100.0%
                            50.6%        48.2%         1.2%

