
===========================================================================
report_checks -unconstrained
===========================================================================
======================= min_tt_025C_1v80 Corner ===================================

Startpoint: b[4] (input port clocked by clk)
Endpoint: return_port[31] (output port clocked by clk)
Path Group: clk
Path Type: max

Fanout         Cap        Slew       Delay        Time   Description
---------------------------------------------------------------------------------------------
                      0.000000    0.000000    0.000000   clock clk (rise edge)
                                  0.000000    0.000000   clock network delay (ideal)
                                 10.000000   10.000000 ^ input external delay
     1    0.005958    0.033496    0.020994   10.020994 ^ b[4] (in)
                                                         b[4] (net)
                      0.033497    0.000000   10.020994 ^ input59/A (sky130_fd_sc_hd__buf_1)
     1    0.014175    0.172265    0.166439   10.187433 ^ input59/X (sky130_fd_sc_hd__buf_1)
                                                         net59 (net)
                      0.172271    0.000838   10.188271 ^ fanout230/A (sky130_fd_sc_hd__clkbuf_4)
     6    0.058288    0.179225    0.279356   10.467628 ^ fanout230/X (sky130_fd_sc_hd__clkbuf_4)
                                                         net230 (net)
                      0.179225    0.000457   10.468083 ^ fanout229/A (sky130_fd_sc_hd__clkbuf_2)
     5    0.028903    0.161438    0.230722   10.698806 ^ fanout229/X (sky130_fd_sc_hd__clkbuf_2)
                                                         net229 (net)
                      0.161438    0.000663   10.699469 ^ fanout228/A (sky130_fd_sc_hd__dlymetal6s2s_1)
     5    0.022635    0.239722    0.260411   10.959880 ^ fanout228/X (sky130_fd_sc_hd__dlymetal6s2s_1)
                                                         net228 (net)
                      0.239722    0.000082   10.959961 ^ fanout227/A (sky130_fd_sc_hd__buf_2)
    10    0.039245    0.193752    0.274722   11.234684 ^ fanout227/X (sky130_fd_sc_hd__buf_2)
                                                         net227 (net)
                      0.193753    0.000776   11.235460 ^ _4978_/A1 (sky130_fd_sc_hd__a22o_1)
     3    0.007781    0.088802    0.203351   11.438811 ^ _4978_/X (sky130_fd_sc_hd__a22o_1)
                                                         _0736_ (net)
                      0.088802    0.000021   11.438832 ^ _4980_/D_N (sky130_fd_sc_hd__or4b_1)
     2    0.007805    0.115116    0.482291   11.921124 v _4980_/X (sky130_fd_sc_hd__or4b_1)
                                                         _0738_ (net)
                      0.115116    0.000150   11.921273 v _4983_/A2 (sky130_fd_sc_hd__a21oi_1)
     2    0.006474    0.171506    0.215511   12.136785 ^ _4983_/Y (sky130_fd_sc_hd__a21oi_1)
                                                         _0741_ (net)
                      0.171506    0.000072   12.136856 ^ _4984_/B (sky130_fd_sc_hd__nor2_1)
     1    0.006075    0.057013    0.079880   12.216737 v _4984_/Y (sky130_fd_sc_hd__nor2_1)
                                                         _0742_ (net)
                      0.057013    0.000082   12.216818 v _4985_/B (sky130_fd_sc_hd__xnor2_1)
     2    0.008852    0.233275    0.222376   12.439194 ^ _4985_/Y (sky130_fd_sc_hd__xnor2_1)
                                                         _0743_ (net)
                      0.233275    0.000098   12.439292 ^ _4987_/B (sky130_fd_sc_hd__xnor2_1)
     2    0.010819    0.272621    0.208822   12.648114 ^ _4987_/Y (sky130_fd_sc_hd__xnor2_1)
                                                         _0745_ (net)
                      0.272621    0.000224   12.648338 ^ _4989_/B (sky130_fd_sc_hd__xnor2_1)
     2    0.008129    0.092408    0.143014   12.791351 v _4989_/Y (sky130_fd_sc_hd__xnor2_1)
                                                         _0747_ (net)
                      0.092408    0.000111   12.791463 v _5010_/A (sky130_fd_sc_hd__and3_2)
     4    0.019195    0.073860    0.235930   13.027392 v _5010_/X (sky130_fd_sc_hd__and3_2)
                                                         _0769_ (net)
                      0.073860    0.000150   13.027542 v _5012_/A2 (sky130_fd_sc_hd__o21a_1)
     2    0.010946    0.070841    0.213156   13.240698 v _5012_/X (sky130_fd_sc_hd__o21a_1)
                                                         _0771_ (net)
                      0.070841    0.000028   13.240726 v _5014_/A2 (sky130_fd_sc_hd__o211a_1)
     2    0.004785    0.047408    0.220317   13.461043 v _5014_/X (sky130_fd_sc_hd__o211a_1)
                                                         _0773_ (net)
                      0.047408    0.000039   13.461082 v _5015_/C (sky130_fd_sc_hd__or3_2)
     4    0.012990    0.110391    0.461310   13.922393 v _5015_/X (sky130_fd_sc_hd__or3_2)
                                                         _0774_ (net)
                      0.110391    0.000159   13.922551 v _5108_/A (sky130_fd_sc_hd__or3_2)
     4    0.021048    0.129667    0.572931   14.495482 v _5108_/X (sky130_fd_sc_hd__or3_2)
                                                         _0876_ (net)
                      0.129667    0.000197   14.495680 v _5111_/A1 (sky130_fd_sc_hd__a211o_1)
     2    0.006191    0.063520    0.302445   14.798125 v _5111_/X (sky130_fd_sc_hd__a211o_1)
                                                         _0879_ (net)
                      0.063520    0.000091   14.798216 v _5113_/A2 (sky130_fd_sc_hd__a211oi_1)
     2    0.008438    0.346514    0.350975   15.149191 ^ _5113_/Y (sky130_fd_sc_hd__a211oi_1)
                                                         _0881_ (net)
                      0.346514    0.000094   15.149285 ^ _5114_/C1 (sky130_fd_sc_hd__a211oi_2)
     4    0.013646    0.100429    0.108773   15.258059 v _5114_/Y (sky130_fd_sc_hd__a211oi_2)
                                                         _0882_ (net)
                      0.100429    0.000068   15.258126 v _5116_/A1 (sky130_fd_sc_hd__o211a_1)
     3    0.006974    0.057533    0.259785   15.517911 v _5116_/X (sky130_fd_sc_hd__o211a_1)
                                                         _0884_ (net)
                      0.057533    0.000050   15.517961 v _5216_/C (sky130_fd_sc_hd__or4b_1)
     2    0.007070    0.110074    0.503487   16.021448 v _5216_/X (sky130_fd_sc_hd__or4b_1)
                                                         _0993_ (net)
                      0.110074    0.000060   16.021507 v _5416_/A3 (sky130_fd_sc_hd__o311a_1)
     2    0.010997    0.088282    0.352525   16.374033 v _5416_/X (sky130_fd_sc_hd__o311a_1)
                                                         _1211_ (net)
                      0.088282    0.000414   16.374447 v _5885_/A2 (sky130_fd_sc_hd__o31a_1)
     3    0.011580    0.084830    0.332690   16.707138 v _5885_/X (sky130_fd_sc_hd__o31a_1)
                                                         _1723_ (net)
                      0.084830    0.000375   16.707512 v _6151_/C (sky130_fd_sc_hd__or4b_2)
     4    0.016026    0.147279    0.694662   17.402174 v _6151_/X (sky130_fd_sc_hd__or4b_2)
                                                         _2013_ (net)
                      0.147279    0.000453   17.402628 v _6745_/A1 (sky130_fd_sc_hd__a2111o_1)
     2    0.008963    0.090849    0.435213   17.837841 v _6745_/X (sky130_fd_sc_hd__a2111o_1)
                                                         _2661_ (net)
                      0.090849    0.000185   17.838024 v _6747_/A1 (sky130_fd_sc_hd__a211o_1)
     3    0.008726    0.075877    0.302290   18.140314 v _6747_/X (sky130_fd_sc_hd__a211o_1)
                                                         _2664_ (net)
                      0.075877    0.000083   18.140398 v _6867_/A2 (sky130_fd_sc_hd__a31o_1)
     1    0.002197    0.033939    0.206668   18.347067 v _6867_/X (sky130_fd_sc_hd__a31o_1)
                                                         _2795_ (net)
                      0.033939    0.000023   18.347090 v _6868_/A2_N (sky130_fd_sc_hd__a2bb2o_1)
     1    0.017087    0.173871    0.326803   18.673893 ^ _6868_/X (sky130_fd_sc_hd__a2bb2o_1)
                                                         net101 (net)
                      0.173875    0.001101   18.674995 ^ output101/A (sky130_fd_sc_hd__clkbuf_4)
     1    0.036570    0.119471    0.235470   18.910465 ^ output101/X (sky130_fd_sc_hd__clkbuf_4)
                                                         return_port[31] (net)
                      0.119479    0.001114   18.911579 ^ return_port[31] (out)
                                             18.911579   data arrival time

                      0.000000   50.000000   50.000000   clock clk (rise edge)
                                  0.000000   50.000000   clock network delay (ideal)
                                 -0.250000   49.749996   clock uncertainty
                                  0.000000   49.749996   clock reconvergence pessimism
                                -10.000000   39.749996   output external delay
                                             39.749996   data required time
---------------------------------------------------------------------------------------------
                                             39.749996   data required time
                                            -18.911579   data arrival time
---------------------------------------------------------------------------------------------
                                             20.838417   slack (MET)




===========================================================================
report_checks --slack_max -0.01
============================================================================
======================= min_tt_025C_1v80 Corner ===================================

No paths found.


===========================================================================
 report_check_types -max_slew -max_cap -max_fanout -violators
============================================================================
======================= min_tt_025C_1v80 Corner ===================================

max fanout

Pin                                   Limit Fanout  Slack
---------------------------------------------------------
fanout320/X                              10     12     -2 (VIOLATED)
fanout321/X                              10     11        (VIOLATED)
fanout382/X                              10     11        (VIOLATED)



===========================================================================
report_parasitic_annotation -report_unannotated
============================================================================
Found 0 unannotated drivers.
Found 0 partially unannotated drivers.

===========================================================================
max slew violation count 0
max fanout violation count 3
max cap violation count 0
============================================================================

===========================================================================
check_setup -verbose -unconstrained_endpoints -multiple_clock -no_clock -no_input_delay -loops -generated_clocks
===========================================================================
Warning: There are 36 unclocked register/latch pins.
  _6874_/CLK
  _6875_/CLK
  _6876_/CLK
  _6877_/CLK
  _6878_/CLK
  _6879_/CLK
  _6880_/CLK
  _6881_/CLK
  _6882_/CLK
  _6883_/CLK
  _6884_/CLK
  _6885_/CLK
  _6886_/CLK
  _6887_/CLK
  _6888_/CLK
  _6889_/CLK
  _6890_/CLK
  _6891_/CLK
  _6892_/CLK
  _6893_/CLK
  _6894_/CLK
  _6895_/CLK
  _6896_/CLK
  _6897_/CLK
  _6898_/CLK
  _6899_/CLK
  _6900_/CLK
  _6901_/CLK
  _6902_/CLK
  _6903_/CLK
  _6904_/CLK
  _6905_/CLK
  _6906_/CLK
  _6907_/CLK
  _6908_/CLK
  _6909_/CLK
Warning: There are 37 unconstrained endpoints.
  done_port
  _6874_/D
  _6875_/D
  _6876_/D
  _6877_/D
  _6878_/D
  _6879_/D
  _6880_/D
  _6881_/D
  _6882_/D
  _6883_/D
  _6884_/D
  _6885_/D
  _6886_/D
  _6887_/D
  _6888_/D
  _6889_/D
  _6890_/D
  _6891_/D
  _6892_/D
  _6893_/D
  _6894_/D
  _6895_/D
  _6896_/D
  _6897_/D
  _6898_/D
  _6899_/D
  _6900_/D
  _6901_/D
  _6902_/D
  _6903_/D
  _6904_/D
  _6905_/D
  _6906_/D
  _6907_/D
  _6908_/D
  _6909_/D
