
===========================================================================
 report_power
============================================================================
======================= nom_ff_n40C_1v95 Corner ===================================

Group                    Internal    Switching      Leakage        Total
                            Power        Power        Power        Power (Watts)
------------------------------------------------------------------------
Sequential           2.467303e-06 2.811839e-07 7.314993e-10 2.749218e-06   0.1%
Combinational        1.057555e-03 1.120978e-03 3.549955e-08 2.178568e-03  99.9%
Clock                0.000000e+00 0.000000e+00 0.000000e+00 0.000000e+00   0.0%
Macro                0.000000e+00 0.000000e+00 0.000000e+00 0.000000e+00   0.0%
Pad                  0.000000e+00 0.000000e+00 0.000000e+00 0.000000e+00   0.0%
------------------------------------------------------------------------
Total                1.060022e-03 1.121258e-03 3.623106e-08 2.181317e-03 100.0%
                            48.6%        51.4%         0.0%

