                                                                       Cells by Function                                                                        
┏━━━━━━━━━━━━━━━━━━━━━━━━━━━━━━━━━━━━━━━━━━━━━━━━━━━━━━━━━━━━━━━━━━━━━━━━━━━━━━━━━━━━━━━━━━━━━━━━━━━━━━━━━━━━━━━━━━━━━━━━━━━━━━━━━┳━━━━━━━━━━━━━━━━━━━━━━━━━━━━┓
┃ Cell Function                                                                                                                   ┃ Count                      ┃
┡━━━━━━━━━━━━━━━━━━━━━━━━━━━━━━━━━━━━━━━━━━━━━━━━━━━━━━━━━━━━━━━━━━━━━━━━━━━━━━━━━━━━━━━━━━━━━━━━━━━━━━━━━━━━━━━━━━━━━━━━━━━━━━━━━╇━━━━━━━━━━━━━━━━━━━━━━━━━━━━┩
│ sky130_ef_sc_hd__decap                                                                                                          │ 3109                       │
│ sky130_fd_sc_hd__a2111o                                                                                                         │ 2                          │
│ sky130_fd_sc_hd__a2111oi                                                                                                        │ 1                          │
│ sky130_fd_sc_hd__a211o                                                                                                          │ 116                        │
│ sky130_fd_sc_hd__a211oi                                                                                                         │ 82                         │
│ sky130_fd_sc_hd__a21bo                                                                                                          │ 69                         │
│ sky130_fd_sc_hd__a21boi                                                                                                         │ 2                          │
│ sky130_fd_sc_hd__a21o                                                                                                           │ 207                        │
│ sky130_fd_sc_hd__a21oi                                                                                                          │ 137                        │
│ sky130_fd_sc_hd__a221o                                                                                                          │ 19                         │
│ sky130_fd_sc_hd__a221oi                                                                                                         │ 1                          │
│ sky130_fd_sc_hd__a22o                                                                                                           │ 174                        │
│ sky130_fd_sc_hd__a22oi                                                                                                          │ 48                         │
│ sky130_fd_sc_hd__a2bb2o                                                                                                         │ 18                         │
│ sky130_fd_sc_hd__a2bb2oi                                                                                                        │ 2                          │
│ sky130_fd_sc_hd__a311o                                                                                                          │ 7                          │
│ sky130_fd_sc_hd__a31o                                                                                                           │ 95                         │
│ sky130_fd_sc_hd__a31oi                                                                                                          │ 2                          │
│ sky130_fd_sc_hd__a32o                                                                                                           │ 17                         │
│ sky130_fd_sc_hd__and2                                                                                                           │ 129                        │
│ sky130_fd_sc_hd__and2b                                                                                                          │ 77                         │
│ sky130_fd_sc_hd__and3                                                                                                           │ 141                        │
│ sky130_fd_sc_hd__and3b                                                                                                          │ 5                          │
│ sky130_fd_sc_hd__and4                                                                                                           │ 93                         │
│ sky130_fd_sc_hd__and4b                                                                                                          │ 4                          │
│ sky130_fd_sc_hd__and4bb                                                                                                         │ 6                          │
│ sky130_fd_sc_hd__buf                                                                                                            │ 184                        │
│ sky130_fd_sc_hd__clkbuf                                                                                                         │ 277                        │
│ sky130_fd_sc_hd__decap                                                                                                          │ 2951                       │
│ sky130_fd_sc_hd__dfxtp                                                                                                          │ 36                         │
│ sky130_fd_sc_hd__diode                                                                                                          │ 42                         │
│ sky130_fd_sc_hd__dlymetal6s2s                                                                                                   │ 14                         │
│ sky130_fd_sc_hd__fill                                                                                                           │ 2025                       │
│ sky130_fd_sc_hd__inv                                                                                                            │ 83                         │
│ sky130_fd_sc_hd__mux2                                                                                                           │ 123                        │
│ sky130_fd_sc_hd__mux4                                                                                                           │ 31                         │
│ sky130_fd_sc_hd__nand2                                                                                                          │ 334                        │
│ sky130_fd_sc_hd__nand2b                                                                                                         │ 46                         │
│ sky130_fd_sc_hd__nand3                                                                                                          │ 148                        │
│ sky130_fd_sc_hd__nand3b                                                                                                         │ 6                          │
│ sky130_fd_sc_hd__nand4                                                                                                          │ 95                         │
│ sky130_fd_sc_hd__nor2                                                                                                           │ 178                        │
│ sky130_fd_sc_hd__nor3                                                                                                           │ 21                         │
│ sky130_fd_sc_hd__nor3b                                                                                                          │ 5                          │
│ sky130_fd_sc_hd__nor4                                                                                                           │ 4                          │
│ sky130_fd_sc_hd__o211a                                                                                                          │ 109                        │
│ sky130_fd_sc_hd__o211ai                                                                                                         │ 76                         │
│ sky130_fd_sc_hd__o21a                                                                                                           │ 48                         │
│ sky130_fd_sc_hd__o21ai                                                                                                          │ 75                         │
│ sky130_fd_sc_hd__o21ba                                                                                                          │ 30                         │
│ sky130_fd_sc_hd__o21bai                                                                                                         │ 12                         │
│ sky130_fd_sc_hd__o221a                                                                                                          │ 15                         │
│ sky130_fd_sc_hd__o221ai                                                                                                         │ 1                          │
│ sky130_fd_sc_hd__o22a                                                                                                           │ 16                         │
│ sky130_fd_sc_hd__o22ai                                                                                                          │ 1                          │
│ sky130_fd_sc_hd__o2bb2a                                                                                                         │ 7                          │
│ sky130_fd_sc_hd__o311a                                                                                                          │ 6                          │
│ sky130_fd_sc_hd__o31a                                                                                                           │ 9                          │
│ sky130_fd_sc_hd__o31ai                                                                                                          │ 3                          │
│ sky130_fd_sc_hd__o32a                                                                                                           │ 2                          │
│ sky130_fd_sc_hd__or2                                                                                                            │ 128                        │
│ sky130_fd_sc_hd__or3                                                                                                            │ 45                         │
│ sky130_fd_sc_hd__or3b                                                                                                           │ 16                         │
│ sky130_fd_sc_hd__or4                                                                                                            │ 6                          │
│ sky130_fd_sc_hd__or4b                                                                                                           │ 6                          │
│ sky130_fd_sc_hd__or4bb                                                                                                          │ 5                          │
│ sky130_fd_sc_hd__tapvpwrvgnd                                                                                                    │ 1428                       │
│ sky130_fd_sc_hd__xnor2                                                                                                          │ 244                        │
│ sky130_fd_sc_hd__xor2                                                                                                           │ 81                         │
└─────────────────────────────────────────────────────────────────────────────────────────────────────────────────────────────────┴────────────────────────────┘
