
===========================================================================
 report_power
============================================================================
======================= nom_tt_025C_1v80 Corner ===================================

Group                    Internal    Switching      Leakage        Total
                            Power        Power        Power        Power (Watts)
------------------------------------------------------------------------
Sequential           2.132020e-06 3.270722e-07 3.081649e-10 2.459400e-06   0.1%
Combinational        9.566361e-04 1.156306e-03 1.367537e-08 2.112956e-03  99.9%
Clock                0.000000e+00 0.000000e+00 7.581677e-10 7.581677e-10   0.0%
Macro                0.000000e+00 0.000000e+00 0.000000e+00 0.000000e+00   0.0%
Pad                  0.000000e+00 0.000000e+00 0.000000e+00 0.000000e+00   0.0%
------------------------------------------------------------------------
Total                9.587682e-04 1.156633e-03 1.474172e-08 2.115416e-03 100.0%
                            45.3%        54.7%         0.0%
Writing metric power__internal__total: 0.0009587681852281094
Writing metric power__switching__total: 0.0011566332541406155
Writing metric power__leakage__total: 1.474171629212151e-8
Writing metric power__total: 0.002115416107699275

