
===========================================================================
 report_power
============================================================================
======================= nom_tt_025C_1v80 Corner ===================================

Group                    Internal    Switching      Leakage        Total
                            Power        Power        Power        Power (Watts)
------------------------------------------------------------------------
Sequential           2.120498e-06 2.358270e-07 3.081649e-10 2.356633e-06   0.1%
Combinational        9.531385e-04 9.501648e-04 1.367537e-08 1.903317e-03  99.9%
Clock                0.000000e+00 0.000000e+00 0.000000e+00 0.000000e+00   0.0%
Macro                0.000000e+00 0.000000e+00 0.000000e+00 0.000000e+00   0.0%
Pad                  0.000000e+00 0.000000e+00 0.000000e+00 0.000000e+00   0.0%
------------------------------------------------------------------------
Total                9.552589e-04 9.504006e-04 1.398354e-08 1.905673e-03 100.0%
                            50.1%        49.9%         0.0%

