
===========================================================================
report_checks -unconstrained
===========================================================================
======================= max_tt_025C_1v80 Corner ===================================

Startpoint: b[4] (input port clocked by clk)
Endpoint: return_port[31] (output port clocked by clk)
Path Group: clk
Path Type: max

Fanout         Cap        Slew       Delay        Time   Description
---------------------------------------------------------------------------------------------
                      0.000000    0.000000    0.000000   clock clk (rise edge)
                                  0.000000    0.000000   clock network delay (ideal)
                                 10.000000   10.000000 ^ input external delay
     1    0.006400    0.035450    0.022527   10.022527 ^ b[4] (in)
                                                         b[4] (net)
                      0.035454    0.000000   10.022527 ^ input59/A (sky130_fd_sc_hd__buf_1)
     1    0.017069    0.205411    0.189281   10.211808 ^ input59/X (sky130_fd_sc_hd__buf_1)
                                                         net59 (net)
                      0.205449    0.002294   10.214103 ^ fanout230/A (sky130_fd_sc_hd__clkbuf_4)
     6    0.066782    0.203920    0.304070   10.518172 ^ fanout230/X (sky130_fd_sc_hd__clkbuf_4)
                                                         net230 (net)
                      0.204021    0.003775   10.521947 ^ fanout229/A (sky130_fd_sc_hd__clkbuf_2)
     5    0.033016    0.183064    0.251235   10.773182 ^ fanout229/X (sky130_fd_sc_hd__clkbuf_2)
                                                         net229 (net)
                      0.183168    0.002379   10.775560 ^ fanout228/A (sky130_fd_sc_hd__dlymetal6s2s_1)
     5    0.025288    0.264266    0.281330   11.056890 ^ fanout228/X (sky130_fd_sc_hd__dlymetal6s2s_1)
                                                         net228 (net)
                      0.264269    0.000687   11.057576 ^ fanout227/A (sky130_fd_sc_hd__buf_2)
    10    0.043339    0.212633    0.293072   11.350649 ^ fanout227/X (sky130_fd_sc_hd__buf_2)
                                                         net227 (net)
                      0.212798    0.003775   11.354424 ^ _4978_/A1 (sky130_fd_sc_hd__a22o_1)
     3    0.008157    0.092398    0.211019   11.565442 ^ _4978_/X (sky130_fd_sc_hd__a22o_1)
                                                         _0736_ (net)
                      0.092398    0.000228   11.565671 ^ _4980_/D_N (sky130_fd_sc_hd__or4b_1)
     2    0.008765    0.120077    0.491490   12.057160 v _4980_/X (sky130_fd_sc_hd__or4b_1)
                                                         _0738_ (net)
                      0.120080    0.000717   12.057877 v _4983_/A2 (sky130_fd_sc_hd__a21oi_1)
     2    0.006725    0.176227    0.220878   12.278754 ^ _4983_/Y (sky130_fd_sc_hd__a21oi_1)
                                                         _0741_ (net)
                      0.176229    0.000393   12.279147 ^ _4984_/B (sky130_fd_sc_hd__nor2_1)
     1    0.006475    0.059463    0.083046   12.362192 v _4984_/Y (sky130_fd_sc_hd__nor2_1)
                                                         _0742_ (net)
                      0.059467    0.000465   12.362658 v _4985_/B (sky130_fd_sc_hd__xnor2_1)
     2    0.009194    0.240148    0.228247   12.590904 ^ _4985_/Y (sky130_fd_sc_hd__xnor2_1)
                                                         _0743_ (net)
                      0.240150    0.000619   12.591524 ^ _4987_/B (sky130_fd_sc_hd__xnor2_1)
     2    0.011766    0.291769    0.216931   12.808455 ^ _4987_/Y (sky130_fd_sc_hd__xnor2_1)
                                                         _0745_ (net)
                      0.291773    0.000882   12.809337 ^ _4989_/B (sky130_fd_sc_hd__xnor2_1)
     2    0.008612    0.098215    0.149828   12.959165 v _4989_/Y (sky130_fd_sc_hd__xnor2_1)
                                                         _0747_ (net)
                      0.098215    0.000434   12.959599 v _5010_/A (sky130_fd_sc_hd__and3_2)
     4    0.019884    0.075492    0.239536   13.199136 v _5010_/X (sky130_fd_sc_hd__and3_2)
                                                         _0769_ (net)
                      0.075504    0.000961   13.200096 v _5012_/A2 (sky130_fd_sc_hd__o21a_1)
     2    0.011126    0.071773    0.214204   13.414300 v _5012_/X (sky130_fd_sc_hd__o21a_1)
                                                         _0771_ (net)
                      0.071773    0.000324   13.414624 v _5014_/A2 (sky130_fd_sc_hd__o211a_1)
     2    0.005107    0.048881    0.222268   13.636892 v _5014_/X (sky130_fd_sc_hd__o211a_1)
                                                         _0773_ (net)
                      0.048881    0.000274   13.637166 v _5015_/C (sky130_fd_sc_hd__or3_2)
     4    0.013812    0.112247    0.464302   14.101469 v _5015_/X (sky130_fd_sc_hd__or3_2)
                                                         _0774_ (net)
                      0.112247    0.000855   14.102324 v _5108_/A (sky130_fd_sc_hd__or3_2)
     4    0.021900    0.132445    0.575899   14.678224 v _5108_/X (sky130_fd_sc_hd__or3_2)
                                                         _0876_ (net)
                      0.132454    0.001198   14.679421 v _5111_/A1 (sky130_fd_sc_hd__a211o_1)
     2    0.006551    0.065483    0.305328   14.984750 v _5111_/X (sky130_fd_sc_hd__a211o_1)
                                                         _0879_ (net)
                      0.065486    0.000540   14.985290 v _5113_/A2 (sky130_fd_sc_hd__a211oi_1)
     2    0.008765    0.343603    0.358421   15.343711 ^ _5113_/Y (sky130_fd_sc_hd__a211oi_1)
                                                         _0881_ (net)
                      0.343605    0.000590   15.344300 ^ _5114_/C1 (sky130_fd_sc_hd__a211oi_2)
     4    0.014367    0.102085    0.111317   15.455618 v _5114_/Y (sky130_fd_sc_hd__a211oi_2)
                                                         _0882_ (net)
                      0.102089    0.000547   15.456164 v _5116_/A1 (sky130_fd_sc_hd__o211a_1)
     3    0.007390    0.059700    0.262389   15.718554 v _5116_/X (sky130_fd_sc_hd__o211a_1)
                                                         _0884_ (net)
                      0.059701    0.000361   15.718915 v _5216_/C (sky130_fd_sc_hd__or4b_1)
     2    0.007293    0.111768    0.505983   16.224897 v _5216_/X (sky130_fd_sc_hd__or4b_1)
                                                         _0993_ (net)
                      0.111768    0.000409   16.225306 v _5416_/A3 (sky130_fd_sc_hd__o311a_1)
     2    0.012698    0.095569    0.360547   16.585854 v _5416_/X (sky130_fd_sc_hd__o311a_1)
                                                         _1211_ (net)
                      0.095581    0.001126   16.586979 v _5885_/A2 (sky130_fd_sc_hd__o31a_1)
     3    0.013027    0.091089    0.341236   16.928215 v _5885_/X (sky130_fd_sc_hd__o31a_1)
                                                         _1723_ (net)
                      0.091101    0.001089   16.929304 v _6151_/C (sky130_fd_sc_hd__or4b_2)
     4    0.017742    0.152314    0.703560   17.632864 v _6151_/X (sky130_fd_sc_hd__or4b_2)
                                                         _2013_ (net)
                      0.152419    0.001684   17.634548 v _6745_/A1 (sky130_fd_sc_hd__a2111o_1)
     2    0.009954    0.095110    0.442490   18.077040 v _6745_/X (sky130_fd_sc_hd__a2111o_1)
                                                         _2661_ (net)
                      0.095116    0.000801   18.077841 v _6747_/A1 (sky130_fd_sc_hd__a211o_1)
     3    0.009212    0.077396    0.306617   18.384457 v _6747_/X (sky130_fd_sc_hd__a211o_1)
                                                         _2664_ (net)
                      0.077397    0.000428   18.384886 v _6867_/A2 (sky130_fd_sc_hd__a31o_1)
     1    0.002430    0.034962    0.208866   18.593752 v _6867_/X (sky130_fd_sc_hd__a31o_1)
                                                         _2795_ (net)
                      0.034962    0.000147   18.593899 v _6868_/A2_N (sky130_fd_sc_hd__a2bb2o_1)
     1    0.021091    0.211244    0.352960   18.946859 ^ _6868_/X (sky130_fd_sc_hd__a2bb2o_1)
                                                         net101 (net)
                      0.211275    0.002597   18.949455 ^ output101/A (sky130_fd_sc_hd__clkbuf_4)
     1    0.036898    0.120423    0.247651   19.197107 ^ output101/X (sky130_fd_sc_hd__clkbuf_4)
                                                         return_port[31] (net)
                      0.120498    0.002766   19.199873 ^ return_port[31] (out)
                                             19.199873   data arrival time

                      0.000000   50.000000   50.000000   clock clk (rise edge)
                                  0.000000   50.000000   clock network delay (ideal)
                                 -0.250000   49.749996   clock uncertainty
                                  0.000000   49.749996   clock reconvergence pessimism
                                -10.000000   39.749996   output external delay
                                             39.749996   data required time
---------------------------------------------------------------------------------------------
                                             39.749996   data required time
                                            -19.199873   data arrival time
---------------------------------------------------------------------------------------------
                                             20.550123   slack (MET)




===========================================================================
report_checks --slack_max -0.01
============================================================================
======================= max_tt_025C_1v80 Corner ===================================

No paths found.


===========================================================================
 report_check_types -max_slew -max_cap -max_fanout -violators
============================================================================
======================= max_tt_025C_1v80 Corner ===================================

max fanout

Pin                                   Limit Fanout  Slack
---------------------------------------------------------
fanout320/X                              10     12     -2 (VIOLATED)
fanout321/X                              10     11        (VIOLATED)
fanout382/X                              10     11        (VIOLATED)



===========================================================================
report_parasitic_annotation -report_unannotated
============================================================================
Found 0 unannotated drivers.
Found 0 partially unannotated drivers.

===========================================================================
max slew violation count 0
max fanout violation count 3
max cap violation count 0
============================================================================

===========================================================================
check_setup -verbose -unconstrained_endpoints -multiple_clock -no_clock -no_input_delay -loops -generated_clocks
===========================================================================
Warning: There are 36 unclocked register/latch pins.
  _6874_/CLK
  _6875_/CLK
  _6876_/CLK
  _6877_/CLK
  _6878_/CLK
  _6879_/CLK
  _6880_/CLK
  _6881_/CLK
  _6882_/CLK
  _6883_/CLK
  _6884_/CLK
  _6885_/CLK
  _6886_/CLK
  _6887_/CLK
  _6888_/CLK
  _6889_/CLK
  _6890_/CLK
  _6891_/CLK
  _6892_/CLK
  _6893_/CLK
  _6894_/CLK
  _6895_/CLK
  _6896_/CLK
  _6897_/CLK
  _6898_/CLK
  _6899_/CLK
  _6900_/CLK
  _6901_/CLK
  _6902_/CLK
  _6903_/CLK
  _6904_/CLK
  _6905_/CLK
  _6906_/CLK
  _6907_/CLK
  _6908_/CLK
  _6909_/CLK
Warning: There are 37 unconstrained endpoints.
  done_port
  _6874_/D
  _6875_/D
  _6876_/D
  _6877_/D
  _6878_/D
  _6879_/D
  _6880_/D
  _6881_/D
  _6882_/D
  _6883_/D
  _6884_/D
  _6885_/D
  _6886_/D
  _6887_/D
  _6888_/D
  _6889_/D
  _6890_/D
  _6891_/D
  _6892_/D
  _6893_/D
  _6894_/D
  _6895_/D
  _6896_/D
  _6897_/D
  _6898_/D
  _6899_/D
  _6900_/D
  _6901_/D
  _6902_/D
  _6903_/D
  _6904_/D
  _6905_/D
  _6906_/D
  _6907_/D
  _6908_/D
  _6909_/D
