
===========================================================================
 report_power
============================================================================
======================= max_tt_025C_1v80 Corner ===================================

Group                    Internal    Switching      Leakage        Total
                            Power        Power        Power        Power (Watts)
------------------------------------------------------------------------
Sequential           2.016369e-06 3.047211e-07 2.913851e-10 2.321382e-06   0.1%
Combinational        8.194658e-04 1.319103e-03 1.463052e-08 2.138583e-03  99.9%
Clock                -5.961178e-11 0.000000e+00 9.561718e-09 9.502106e-09   0.0%
Macro                0.000000e+00 0.000000e+00 0.000000e+00 0.000000e+00   0.0%
Pad                  0.000000e+00 0.000000e+00 0.000000e+00 0.000000e+00   0.0%
------------------------------------------------------------------------
Total                8.214822e-04 1.319408e-03 2.448364e-08 2.140915e-03 100.0%
                            38.4%        61.6%         0.0%

