
===========================================================================
report_checks -unconstrained
===========================================================================
======================= max_ff_n40C_1v95 Corner ===================================

Startpoint: b[4] (input port clocked by clk)
Endpoint: return_port[31] (output port clocked by clk)
Path Group: clk
Path Type: max

Fanout         Cap        Slew       Delay        Time   Description
---------------------------------------------------------------------------------------------
                      0.000000    0.000000    0.000000   clock clk (rise edge)
                                  0.000000    0.000000   clock network delay (ideal)
                                 10.000000   10.000000 ^ input external delay
     1    0.006467    0.026613    0.016672   10.016672 ^ b[4] (in)
                                                         b[4] (net)
                      0.026618    0.000000   10.016672 ^ input59/A (sky130_fd_sc_hd__buf_1)
     1    0.017100    0.153154    0.133555   10.150228 ^ input59/X (sky130_fd_sc_hd__buf_1)
                                                         net59 (net)
                      0.153205    0.002300   10.152528 ^ fanout230/A (sky130_fd_sc_hd__clkbuf_4)
     6    0.067137    0.155736    0.202948   10.355475 ^ fanout230/X (sky130_fd_sc_hd__clkbuf_4)
                                                         net230 (net)
                      0.155870    0.003793   10.359268 ^ fanout229/A (sky130_fd_sc_hd__clkbuf_2)
     5    0.033273    0.141484    0.167272   10.526541 ^ fanout229/X (sky130_fd_sc_hd__clkbuf_2)
                                                         net229 (net)
                      0.141545    0.002409   10.528950 ^ fanout228/A (sky130_fd_sc_hd__dlymetal6s2s_1)
     5    0.025446    0.203413    0.194241   10.723190 ^ fanout228/X (sky130_fd_sc_hd__dlymetal6s2s_1)
                                                         net228 (net)
                      0.203416    0.000693   10.723884 ^ fanout227/A (sky130_fd_sc_hd__buf_2)
    10    0.043696    0.161800    0.189375   10.913259 ^ fanout227/X (sky130_fd_sc_hd__buf_2)
                                                         net227 (net)
                      0.161931    0.003806   10.917064 ^ _4978_/A1 (sky130_fd_sc_hd__a22o_1)
     3    0.008285    0.068088    0.118849   11.035913 ^ _4978_/X (sky130_fd_sc_hd__a22o_1)
                                                         _0736_ (net)
                      0.068088    0.000234   11.036146 ^ _4980_/D_N (sky130_fd_sc_hd__or4b_1)
     2    0.008835    0.079888    0.273431   11.309578 v _4980_/X (sky130_fd_sc_hd__or4b_1)
                                                         _0738_ (net)
                      0.079893    0.000721   11.310299 v _4983_/A2 (sky130_fd_sc_hd__a21oi_1)
     2    0.006760    0.129266    0.151030   11.461329 ^ _4983_/Y (sky130_fd_sc_hd__a21oi_1)
                                                         _0741_ (net)
                      0.129266    0.000394   11.461723 ^ _4984_/B (sky130_fd_sc_hd__nor2_1)
     1    0.006449    0.045574    0.043132   11.504855 v _4984_/Y (sky130_fd_sc_hd__nor2_1)
                                                         _0742_ (net)
                      0.045581    0.000463   11.505318 v _4985_/B (sky130_fd_sc_hd__xnor2_1)
     2    0.008768    0.054483    0.102028   11.607346 v _4985_/Y (sky130_fd_sc_hd__xnor2_1)
                                                         _0743_ (net)
                      0.054493    0.000588   11.607934 v _4987_/B (sky130_fd_sc_hd__xnor2_1)
     2    0.011750    0.206761    0.187155   11.795089 ^ _4987_/Y (sky130_fd_sc_hd__xnor2_1)
                                                         _0745_ (net)
                      0.206767    0.000880   11.795969 ^ _4989_/B (sky130_fd_sc_hd__xnor2_1)
     2    0.008799    0.069888    0.077536   11.873506 v _4989_/Y (sky130_fd_sc_hd__xnor2_1)
                                                         _0747_ (net)
                      0.069892    0.000448   11.873953 v _5010_/A (sky130_fd_sc_hd__and3_2)
     4    0.019948    0.054839    0.153110   12.027062 v _5010_/X (sky130_fd_sc_hd__and3_2)
                                                         _0769_ (net)
                      0.054858    0.000964   12.028026 v _5012_/A2 (sky130_fd_sc_hd__o21a_1)
     2    0.011263    0.050160    0.138805   12.166831 v _5012_/X (sky130_fd_sc_hd__o21a_1)
                                                         _0771_ (net)
                      0.050160    0.000329   12.167159 v _5014_/A2 (sky130_fd_sc_hd__o211a_1)
     2    0.005170    0.035396    0.141098   12.308257 v _5014_/X (sky130_fd_sc_hd__o211a_1)
                                                         _0773_ (net)
                      0.035397    0.000279   12.308536 v _5015_/C (sky130_fd_sc_hd__or3_2)
     4    0.014008    0.075695    0.265200   12.573736 v _5015_/X (sky130_fd_sc_hd__or3_2)
                                                         _0774_ (net)
                      0.075727    0.000871   12.574608 v _5108_/A (sky130_fd_sc_hd__or3_2)
     4    0.022015    0.089262    0.333469   12.908076 v _5108_/X (sky130_fd_sc_hd__or3_2)
                                                         _0876_ (net)
                      0.089278    0.001204   12.909281 v _5111_/A1 (sky130_fd_sc_hd__a211o_1)
     2    0.006582    0.046139    0.188929   13.098210 v _5111_/X (sky130_fd_sc_hd__a211o_1)
                                                         _0879_ (net)
                      0.046146    0.000541   13.098751 v _5113_/A2 (sky130_fd_sc_hd__a211oi_1)
     2    0.008835    0.243714    0.243912   13.342664 ^ _5113_/Y (sky130_fd_sc_hd__a211oi_1)
                                                         _0881_ (net)
                      0.243717    0.000596   13.343259 ^ _5114_/C1 (sky130_fd_sc_hd__a211oi_2)
     4    0.014507    0.068058    0.046696   13.389956 v _5114_/Y (sky130_fd_sc_hd__a211oi_2)
                                                         _0882_ (net)
                      0.068065    0.000552   13.390508 v _5116_/A1 (sky130_fd_sc_hd__o211a_1)
     3    0.007564    0.042596    0.167064   13.557571 v _5116_/X (sky130_fd_sc_hd__o211a_1)
                                                         _0884_ (net)
                      0.042599    0.000369   13.557940 v _5216_/C (sky130_fd_sc_hd__or4b_1)
     2    0.007279    0.072714    0.286486   13.844426 v _5216_/X (sky130_fd_sc_hd__or4b_1)
                                                         _0993_ (net)
                      0.072715    0.000408   13.844834 v _5416_/A3 (sky130_fd_sc_hd__o311a_1)
     2    0.012799    0.068378    0.224818   14.069653 v _5416_/X (sky130_fd_sc_hd__o311a_1)
                                                         _1211_ (net)
                      0.068399    0.001137   14.070789 v _5885_/A2 (sky130_fd_sc_hd__o31a_1)
     3    0.013104    0.064412    0.215049   14.285839 v _5885_/X (sky130_fd_sc_hd__o31a_1)
                                                         _1723_ (net)
                      0.064433    0.001097   14.286936 v _6151_/C (sky130_fd_sc_hd__or4b_2)
     4    0.017776    0.101644    0.398519   14.685455 v _6151_/X (sky130_fd_sc_hd__or4b_2)
                                                         _2013_ (net)
                      0.101707    0.001687   14.687141 v _6745_/A1 (sky130_fd_sc_hd__a2111o_1)
     2    0.009977    0.067266    0.268776   14.955917 v _6745_/X (sky130_fd_sc_hd__a2111o_1)
                                                         _2661_ (net)
                      0.067275    0.000803   14.956720 v _6747_/A1 (sky130_fd_sc_hd__a211o_1)
     3    0.009225    0.055554    0.191223   15.147943 v _6747_/X (sky130_fd_sc_hd__a211o_1)
                                                         _2664_ (net)
                      0.055557    0.000428   15.148372 v _6867_/A2 (sky130_fd_sc_hd__a31o_1)
     1    0.002504    0.026404    0.134573   15.282945 v _6867_/X (sky130_fd_sc_hd__a31o_1)
                                                         _2795_ (net)
                      0.026404    0.000155   15.283100 v _6868_/A2_N (sky130_fd_sc_hd__a2bb2o_1)
     1    0.021122    0.160503    0.234952   15.518051 ^ _6868_/X (sky130_fd_sc_hd__a2bb2o_1)
                                                         net101 (net)
                      0.160564    0.002602   15.520654 ^ output101/A (sky130_fd_sc_hd__clkbuf_4)
     1    0.036898    0.090971    0.160822   15.681477 ^ output101/X (sky130_fd_sc_hd__clkbuf_4)
                                                         return_port[31] (net)
                      0.091142    0.002764   15.684240 ^ return_port[31] (out)
                                             15.684240   data arrival time

                      0.000000   50.000000   50.000000   clock clk (rise edge)
                                  0.000000   50.000000   clock network delay (ideal)
                                 -0.250000   49.749996   clock uncertainty
                                  0.000000   49.749996   clock reconvergence pessimism
                                -10.000000   39.749996   output external delay
                                             39.749996   data required time
---------------------------------------------------------------------------------------------
                                             39.749996   data required time
                                            -15.684240   data arrival time
---------------------------------------------------------------------------------------------
                                             24.065756   slack (MET)




===========================================================================
report_checks --slack_max -0.01
============================================================================
======================= max_ff_n40C_1v95 Corner ===================================

No paths found.


===========================================================================
 report_check_types -max_slew -max_cap -max_fanout -violators
============================================================================
======================= max_ff_n40C_1v95 Corner ===================================

max fanout

Pin                                   Limit Fanout  Slack
---------------------------------------------------------
fanout320/X                              10     12     -2 (VIOLATED)
fanout321/X                              10     11        (VIOLATED)
fanout382/X                              10     11        (VIOLATED)



===========================================================================
report_parasitic_annotation -report_unannotated
============================================================================
Found 0 unannotated drivers.
Found 0 partially unannotated drivers.

===========================================================================
max slew violation count 0
max fanout violation count 3
max cap violation count 0
============================================================================

===========================================================================
check_setup -verbose -unconstrained_endpoints -multiple_clock -no_clock -no_input_delay -loops -generated_clocks
===========================================================================
Warning: There are 36 unclocked register/latch pins.
  _6874_/CLK
  _6875_/CLK
  _6876_/CLK
  _6877_/CLK
  _6878_/CLK
  _6879_/CLK
  _6880_/CLK
  _6881_/CLK
  _6882_/CLK
  _6883_/CLK
  _6884_/CLK
  _6885_/CLK
  _6886_/CLK
  _6887_/CLK
  _6888_/CLK
  _6889_/CLK
  _6890_/CLK
  _6891_/CLK
  _6892_/CLK
  _6893_/CLK
  _6894_/CLK
  _6895_/CLK
  _6896_/CLK
  _6897_/CLK
  _6898_/CLK
  _6899_/CLK
  _6900_/CLK
  _6901_/CLK
  _6902_/CLK
  _6903_/CLK
  _6904_/CLK
  _6905_/CLK
  _6906_/CLK
  _6907_/CLK
  _6908_/CLK
  _6909_/CLK
Warning: There are 37 unconstrained endpoints.
  done_port
  _6874_/D
  _6875_/D
  _6876_/D
  _6877_/D
  _6878_/D
  _6879_/D
  _6880_/D
  _6881_/D
  _6882_/D
  _6883_/D
  _6884_/D
  _6885_/D
  _6886_/D
  _6887_/D
  _6888_/D
  _6889_/D
  _6890_/D
  _6891_/D
  _6892_/D
  _6893_/D
  _6894_/D
  _6895_/D
  _6896_/D
  _6897_/D
  _6898_/D
  _6899_/D
  _6900_/D
  _6901_/D
  _6902_/D
  _6903_/D
  _6904_/D
  _6905_/D
  _6906_/D
  _6907_/D
  _6908_/D
  _6909_/D
