
===========================================================================
 report_power
============================================================================
======================= max_ff_n40C_1v95 Corner ===================================

Group                    Internal    Switching      Leakage        Total
                            Power        Power        Power        Power (Watts)
------------------------------------------------------------------------
Sequential           2.337863e-06 3.619945e-07 5.199561e-10 2.700378e-06   0.1%
Combinational        9.025663e-04 1.555515e-03 2.426280e-08 2.458106e-03  99.9%
Clock                7.004066e-10 0.000000e+00 1.122102e-08 1.192142e-08   0.0%
Macro                0.000000e+00 0.000000e+00 0.000000e+00 0.000000e+00   0.0%
Pad                  0.000000e+00 0.000000e+00 0.000000e+00 0.000000e+00   0.0%
------------------------------------------------------------------------
Total                9.049049e-04 1.555877e-03 3.600384e-08 2.460818e-03 100.0%
                            36.8%        63.2%         0.0%

