
===========================================================================
report_checks -unconstrained
===========================================================================
======================= min_ff_n40C_1v95 Corner ===================================

Startpoint: b[4] (input port clocked by clk)
Endpoint: return_port[31] (output port clocked by clk)
Path Group: clk
Path Type: max

Fanout         Cap        Slew       Delay        Time   Description
---------------------------------------------------------------------------------------------
                      0.000000    0.000000    0.000000   clock clk (rise edge)
                                  0.000000    0.000000   clock network delay (ideal)
                                 10.000000   10.000000 ^ input external delay
     1    0.006025    0.025126    0.015495   10.015495 ^ b[4] (in)
                                                         b[4] (net)
                      0.025128    0.000000   10.015495 ^ input59/A (sky130_fd_sc_hd__buf_1)
     1    0.014206    0.128365    0.117112   10.132607 ^ input59/X (sky130_fd_sc_hd__buf_1)
                                                         net59 (net)
                      0.128373    0.000840   10.133448 ^ fanout230/A (sky130_fd_sc_hd__clkbuf_4)
     6    0.058643    0.136831    0.189361   10.322808 ^ fanout230/X (sky130_fd_sc_hd__clkbuf_4)
                                                         net230 (net)
                      0.136831    0.000459   10.323267 ^ fanout229/A (sky130_fd_sc_hd__clkbuf_2)
     5    0.029160    0.124811    0.155109   10.478375 ^ fanout229/X (sky130_fd_sc_hd__clkbuf_2)
                                                         net229 (net)
                      0.124857    0.000671   10.479047 ^ fanout228/A (sky130_fd_sc_hd__dlymetal6s2s_1)
     5    0.022793    0.184595    0.181050   10.660097 ^ fanout228/X (sky130_fd_sc_hd__dlymetal6s2s_1)
                                                         net228 (net)
                      0.184595    0.000082   10.660179 ^ fanout227/A (sky130_fd_sc_hd__buf_2)
    10    0.039602    0.147100    0.179283   10.839462 ^ fanout227/X (sky130_fd_sc_hd__buf_2)
                                                         net227 (net)
                      0.147150    0.000783   10.840245 ^ _4978_/A1 (sky130_fd_sc_hd__a22o_1)
     3    0.007909    0.065338    0.116165   10.956410 ^ _4978_/X (sky130_fd_sc_hd__a22o_1)
                                                         _0736_ (net)
                      0.065338    0.000021   10.956431 ^ _4980_/D_N (sky130_fd_sc_hd__or4b_1)
     2    0.007875    0.075230    0.268188   11.224620 v _4980_/X (sky130_fd_sc_hd__or4b_1)
                                                         _0738_ (net)
                      0.075230    0.000152   11.224771 v _4983_/A2 (sky130_fd_sc_hd__a21oi_1)
     2    0.006509    0.125840    0.146980   11.371752 ^ _4983_/Y (sky130_fd_sc_hd__a21oi_1)
                                                         _0741_ (net)
                      0.125840    0.000072   11.371824 ^ _4984_/B (sky130_fd_sc_hd__nor2_1)
     1    0.006049    0.043415    0.041521   11.413345 v _4984_/Y (sky130_fd_sc_hd__nor2_1)
                                                         _0742_ (net)
                      0.043415    0.000081   11.413426 v _4985_/B (sky130_fd_sc_hd__xnor2_1)
     2    0.008426    0.052738    0.100216   11.513642 v _4985_/Y (sky130_fd_sc_hd__xnor2_1)
                                                         _0743_ (net)
                      0.052738    0.000092   11.513734 v _4987_/B (sky130_fd_sc_hd__xnor2_1)
     2    0.010803    0.193232    0.176907   11.690641 ^ _4987_/Y (sky130_fd_sc_hd__xnor2_1)
                                                         _0745_ (net)
                      0.193233    0.000224   11.690866 ^ _4989_/B (sky130_fd_sc_hd__xnor2_1)
     2    0.008316    0.065688    0.074571   11.765437 v _4989_/Y (sky130_fd_sc_hd__xnor2_1)
                                                         _0747_ (net)
                      0.065688    0.000115   11.765552 v _5010_/A (sky130_fd_sc_hd__and3_2)
     4    0.019259    0.053733    0.150871   11.916423 v _5010_/X (sky130_fd_sc_hd__and3_2)
                                                         _0769_ (net)
                      0.053733    0.000150   11.916573 v _5012_/A2 (sky130_fd_sc_hd__o21a_1)
     2    0.011083    0.049604    0.138180   12.054753 v _5012_/X (sky130_fd_sc_hd__o21a_1)
                                                         _0771_ (net)
                      0.049604    0.000029   12.054783 v _5014_/A2 (sky130_fd_sc_hd__o211a_1)
     2    0.004848    0.034484    0.139881   12.194663 v _5014_/X (sky130_fd_sc_hd__o211a_1)
                                                         _0773_ (net)
                      0.034484    0.000039   12.194702 v _5015_/C (sky130_fd_sc_hd__or3_2)
     4    0.013186    0.074004    0.262606   12.457309 v _5015_/X (sky130_fd_sc_hd__or3_2)
                                                         _0774_ (net)
                      0.074004    0.000162   12.457470 v _5108_/A (sky130_fd_sc_hd__or3_2)
     4    0.021163    0.087601    0.331674   12.789145 v _5108_/X (sky130_fd_sc_hd__or3_2)
                                                         _0876_ (net)
                      0.087601    0.000199   12.789343 v _5111_/A1 (sky130_fd_sc_hd__a211o_1)
     2    0.006222    0.044812    0.187175   12.976518 v _5111_/X (sky130_fd_sc_hd__a211o_1)
                                                         _0879_ (net)
                      0.044812    0.000091   12.976608 v _5113_/A2 (sky130_fd_sc_hd__a211oi_1)
     2    0.008508    0.237208    0.238809   13.215418 ^ _5113_/Y (sky130_fd_sc_hd__a211oi_1)
                                                         _0881_ (net)
                      0.237208    0.000095   13.215512 ^ _5114_/C1 (sky130_fd_sc_hd__a211oi_2)
     4    0.013786    0.065212    0.045032   13.260544 v _5114_/Y (sky130_fd_sc_hd__a211oi_2)
                                                         _0882_ (net)
                      0.065212    0.000068   13.260612 v _5116_/A1 (sky130_fd_sc_hd__o211a_1)
     3    0.007148    0.041164    0.164814   13.425426 v _5116_/X (sky130_fd_sc_hd__o211a_1)
                                                         _0884_ (net)
                      0.041164    0.000051   13.425477 v _5216_/C (sky130_fd_sc_hd__or4b_1)
     2    0.007056    0.071633    0.285127   13.710605 v _5216_/X (sky130_fd_sc_hd__or4b_1)
                                                         _0993_ (net)
                      0.071633    0.000060   13.710664 v _5416_/A3 (sky130_fd_sc_hd__o311a_1)
     2    0.011098    0.063794    0.219599   13.930263 v _5416_/X (sky130_fd_sc_hd__o311a_1)
                                                         _1211_ (net)
                      0.063796    0.000419   13.930682 v _5885_/A2 (sky130_fd_sc_hd__o31a_1)
     3    0.011657    0.060439    0.209620   14.140302 v _5885_/X (sky130_fd_sc_hd__o31a_1)
                                                         _1723_ (net)
                      0.060440    0.000378   14.140680 v _6151_/C (sky130_fd_sc_hd__or4b_2)
     4    0.016060    0.098622    0.393191   14.533872 v _6151_/X (sky130_fd_sc_hd__or4b_2)
                                                         _2013_ (net)
                      0.098622    0.000455   14.534327 v _6745_/A1 (sky130_fd_sc_hd__a2111o_1)
     2    0.008986    0.063711    0.263793   14.798120 v _6745_/X (sky130_fd_sc_hd__a2111o_1)
                                                         _2661_ (net)
                      0.063711    0.000186   14.798306 v _6747_/A1 (sky130_fd_sc_hd__a211o_1)
     3    0.008739    0.053640    0.188288   14.986594 v _6747_/X (sky130_fd_sc_hd__a211o_1)
                                                         _2664_ (net)
                      0.053640    0.000085   14.986679 v _6867_/A2 (sky130_fd_sc_hd__a31o_1)
     1    0.002271    0.025698    0.132765   15.119444 v _6867_/X (sky130_fd_sc_hd__a31o_1)
                                                         _2795_ (net)
                      0.025698    0.000025   15.119469 v _6868_/A2_N (sky130_fd_sc_hd__a2bb2o_1)
     1    0.017118    0.131828    0.215321   15.334790 ^ _6868_/X (sky130_fd_sc_hd__a2bb2o_1)
                                                         net101 (net)
                      0.131884    0.001105   15.335895 ^ output101/A (sky130_fd_sc_hd__clkbuf_4)
     1    0.036570    0.089464    0.156556   15.492451 ^ output101/X (sky130_fd_sc_hd__clkbuf_4)
                                                         return_port[31] (net)
                      0.089477    0.001114   15.493565 ^ return_port[31] (out)
                                             15.493565   data arrival time

                      0.000000   50.000000   50.000000   clock clk (rise edge)
                                  0.000000   50.000000   clock network delay (ideal)
                                 -0.250000   49.749996   clock uncertainty
                                  0.000000   49.749996   clock reconvergence pessimism
                                -10.000000   39.749996   output external delay
                                             39.749996   data required time
---------------------------------------------------------------------------------------------
                                             39.749996   data required time
                                            -15.493565   data arrival time
---------------------------------------------------------------------------------------------
                                             24.256432   slack (MET)




===========================================================================
report_checks --slack_max -0.01
============================================================================
======================= min_ff_n40C_1v95 Corner ===================================

No paths found.


===========================================================================
 report_check_types -max_slew -max_cap -max_fanout -violators
============================================================================
======================= min_ff_n40C_1v95 Corner ===================================

max fanout

Pin                                   Limit Fanout  Slack
---------------------------------------------------------
fanout320/X                              10     12     -2 (VIOLATED)
fanout321/X                              10     11        (VIOLATED)
fanout382/X                              10     11        (VIOLATED)



===========================================================================
report_parasitic_annotation -report_unannotated
============================================================================
Found 0 unannotated drivers.
Found 0 partially unannotated drivers.

===========================================================================
max slew violation count 0
max fanout violation count 3
max cap violation count 0
============================================================================

===========================================================================
check_setup -verbose -unconstrained_endpoints -multiple_clock -no_clock -no_input_delay -loops -generated_clocks
===========================================================================
Warning: There are 36 unclocked register/latch pins.
  _6874_/CLK
  _6875_/CLK
  _6876_/CLK
  _6877_/CLK
  _6878_/CLK
  _6879_/CLK
  _6880_/CLK
  _6881_/CLK
  _6882_/CLK
  _6883_/CLK
  _6884_/CLK
  _6885_/CLK
  _6886_/CLK
  _6887_/CLK
  _6888_/CLK
  _6889_/CLK
  _6890_/CLK
  _6891_/CLK
  _6892_/CLK
  _6893_/CLK
  _6894_/CLK
  _6895_/CLK
  _6896_/CLK
  _6897_/CLK
  _6898_/CLK
  _6899_/CLK
  _6900_/CLK
  _6901_/CLK
  _6902_/CLK
  _6903_/CLK
  _6904_/CLK
  _6905_/CLK
  _6906_/CLK
  _6907_/CLK
  _6908_/CLK
  _6909_/CLK
Warning: There are 37 unconstrained endpoints.
  done_port
  _6874_/D
  _6875_/D
  _6876_/D
  _6877_/D
  _6878_/D
  _6879_/D
  _6880_/D
  _6881_/D
  _6882_/D
  _6883_/D
  _6884_/D
  _6885_/D
  _6886_/D
  _6887_/D
  _6888_/D
  _6889_/D
  _6890_/D
  _6891_/D
  _6892_/D
  _6893_/D
  _6894_/D
  _6895_/D
  _6896_/D
  _6897_/D
  _6898_/D
  _6899_/D
  _6900_/D
  _6901_/D
  _6902_/D
  _6903_/D
  _6904_/D
  _6905_/D
  _6906_/D
  _6907_/D
  _6908_/D
  _6909_/D
