Clock: clk
Sources: 
Generated: no
Virtual: yes
Propagated: no
Period: 50.000000

===========================================================================
report_clock_properties
============================================================================
Clock                   Period          Waveform
----------------------------------------------------
clk                  50.000000    0.000000 25.000000

===========================================================================
report_clock_latency
============================================================================
Clock clk
rise -> rise
    min     max
0.000000 0.000000 source latency
10.237478         network latency _6881_/CLK
        10.560345 network latency _6888_/CLK
---------------
10.237478 10.560345 latency
        0.322866 skew

rise -> fall
    min     max
0.000000 0.000000 source latency
10.182261         network latency _6881_/CLK
        10.459883 network latency _6888_/CLK
---------------
10.182261 10.459883 latency
        0.277621 skew



===========================================================================
report_clock_min_period
============================================================================
clk period_min = 0.00 fmax = inf
