
===========================================================================
 report_power
============================================================================
======================= min_ff_n40C_1v95 Corner ===================================

Group                    Internal    Switching      Leakage        Total
                            Power        Power        Power        Power (Watts)
------------------------------------------------------------------------
Sequential           2.333295e-06 3.248306e-07 5.199561e-10 2.658646e-06   0.1%
Combinational        9.015047e-04 1.452646e-03 2.426280e-08 2.354175e-03  99.9%
Clock                7.456369e-10 0.000000e+00 1.122102e-08 1.196666e-08   0.0%
Macro                0.000000e+00 0.000000e+00 0.000000e+00 0.000000e+00   0.0%
Pad                  0.000000e+00 0.000000e+00 0.000000e+00 0.000000e+00   0.0%
------------------------------------------------------------------------
Total                9.038388e-04 1.452971e-03 3.600384e-08 2.356845e-03 100.0%
                            38.3%        61.6%         0.0%

