Startpoint: shift_amt[0] (input port clocked by clk)
Endpoint: y (output port clocked by clk)
Path Group: clk
Path Type: max

      Cap      Slew     Delay      Time   Description
-------------------------------------------------------------------------------
             0.1000    0.0000    0.0000   clock clk (rise edge)
                       0.0000    0.0000   clock network delay (ideal)
                       2.0000    2.0000 v input external delay
   0.0030    0.0093    0.0047    2.0047 v shift_amt[0] (in)
                                          shift_amt[0] (net)
             0.0093    0.0000    2.0047 v _1_/C (sky130_fd_sc_hd__maj3_1)
   0.0042    0.0745    0.3498    2.3545 v _1_/X (sky130_fd_sc_hd__maj3_1)
                                          _0_ (net)
             0.0745    0.0000    2.3545 v _2_/B (sky130_fd_sc_hd__xor2_1)
   0.0035    0.0480    0.1500    2.5045 v _2_/X (sky130_fd_sc_hd__xor2_1)
                                          comb_y (net)
             0.0480    0.0000    2.5045 v _3_/A0 (sky130_fd_sc_hd__mux2_1)
   0.0500    0.2557    0.4854    2.9899 v _3_/X (sky130_fd_sc_hd__mux2_1)
                                          y (net)
             0.2557    0.0000    2.9899 v y (out)
                                 2.9899   data arrival time

             0.1000   10.0000   10.0000   clock clk (rise edge)
                       0.0000   10.0000   clock network delay (ideal)
                       0.0000   10.0000   clock reconvergence pessimism
                      -2.0000    8.0000   output external delay
                                 8.0000   data required time
-------------------------------------------------------------------------------
                                 8.0000   data required time
                                -2.9899   data arrival time
-------------------------------------------------------------------------------
                                 5.0101   slack (MET)


Startpoint: shift_amt[0] (input port clocked by clk)
Endpoint: _4_ (rising edge-triggered flip-flop clocked by clk)
Path Group: clk
Path Type: max

      Cap      Slew     Delay      Time   Description
-------------------------------------------------------------------------------
             0.1000    0.0000    0.0000   clock clk (rise edge)
                       0.0000    0.0000   clock network delay (ideal)
                       2.0000    2.0000 v input external delay
   0.0030    0.0093    0.0047    2.0047 v shift_amt[0] (in)
                                          shift_amt[0] (net)
             0.0093    0.0000    2.0047 v _1_/C (sky130_fd_sc_hd__maj3_1)
   0.0042    0.0745    0.3498    2.3545 v _1_/X (sky130_fd_sc_hd__maj3_1)
                                          _0_ (net)
             0.0745    0.0000    2.3545 v _2_/B (sky130_fd_sc_hd__xor2_1)
   0.0035    0.0480    0.1500    2.5045 v _2_/X (sky130_fd_sc_hd__xor2_1)
                                          comb_y (net)
             0.0480    0.0000    2.5045 v _4_/D (sky130_fd_sc_hd__dfrtp_1)
                                 2.5045   data arrival time

             0.1000   10.0000   10.0000   clock clk (rise edge)
                       0.0000   10.0000   clock network delay (ideal)
                       0.0000   10.0000   clock reconvergence pessimism
                                10.0000 ^ _4_/CLK (sky130_fd_sc_hd__dfrtp_1)
                      -0.1030    9.8970   library setup time
                                 9.8970   data required time
-------------------------------------------------------------------------------
                                 9.8970   data required time
                                -2.5045   data arrival time
-------------------------------------------------------------------------------
                                 7.3925   slack (MET)


