
===========================================================================
report_checks -unconstrained
===========================================================================
======================= max_ss_100C_1v60 Corner ===================================

Startpoint: b[4] (input port clocked by clk)
Endpoint: return_port[31] (output port clocked by clk)
Path Group: clk
Path Type: max

Fanout         Cap        Slew       Delay        Time   Description
---------------------------------------------------------------------------------------------
                      0.000000    0.000000    0.000000   clock clk (rise edge)
                                  0.000000    0.000000   clock network delay (ideal)
                                 10.000000   10.000000 ^ input external delay
     1    0.006334    0.056217    0.034354   10.034354 ^ b[4] (in)
                                                         b[4] (net)
                      0.056219    0.000000   10.034354 ^ input59/A (sky130_fd_sc_hd__buf_1)
     1    0.017062    0.330285    0.328901   10.363256 ^ input59/X (sky130_fd_sc_hd__buf_1)
                                                         net59 (net)
                      0.330308    0.002293   10.365549 ^ fanout230/A (sky130_fd_sc_hd__clkbuf_4)
     6    0.066536    0.320471    0.546943   10.912492 ^ fanout230/X (sky130_fd_sc_hd__clkbuf_4)
                                                         net230 (net)
                      0.320513    0.003763   10.916255 ^ fanout229/A (sky130_fd_sc_hd__clkbuf_2)
     5    0.032934    0.284723    0.452446   11.368701 ^ fanout229/X (sky130_fd_sc_hd__clkbuf_2)
                                                         net229 (net)
                      0.284739    0.002358   11.371059 ^ fanout228/A (sky130_fd_sc_hd__dlymetal6s2s_1)
     5    0.025244    0.403599    0.490143   11.861202 ^ fanout228/X (sky130_fd_sc_hd__dlymetal6s2s_1)
                                                         net228 (net)
                      0.403734    0.000685   11.861887 ^ fanout227/A (sky130_fd_sc_hd__buf_2)
    10    0.043313    0.340653    0.531467   12.393354 ^ fanout227/X (sky130_fd_sc_hd__buf_2)
                                                         net227 (net)
                      0.340693    0.003775   12.397129 ^ _4978_/A1 (sky130_fd_sc_hd__a22o_1)
     3    0.008051    0.153259    0.430703   12.827832 ^ _4978_/X (sky130_fd_sc_hd__a22o_1)
                                                         _0736_ (net)
                      0.153259    0.000224   12.828056 ^ _4980_/D_N (sky130_fd_sc_hd__or4b_1)
     2    0.008741    0.246432    1.163341   13.991397 v _4980_/X (sky130_fd_sc_hd__or4b_1)
                                                         _0738_ (net)
                      0.246432    0.000621   13.992018 v _4982_/B (sky130_fd_sc_hd__and3_1)
     2    0.004992    0.089247    0.440407   14.432425 v _4982_/X (sky130_fd_sc_hd__and3_1)
                                                         _0740_ (net)
                      0.089247    0.000288   14.432713 v _4984_/A (sky130_fd_sc_hd__nor2_1)
     1    0.006503    0.229452    0.251400   14.684113 ^ _4984_/Y (sky130_fd_sc_hd__nor2_1)
                                                         _0742_ (net)
                      0.229453    0.000467   14.684579 ^ _4985_/B (sky130_fd_sc_hd__xnor2_1)
     2    0.009035    0.387417    0.325539   15.010118 ^ _4985_/Y (sky130_fd_sc_hd__xnor2_1)
                                                         _0743_ (net)
                      0.387418    0.000606   15.010724 ^ _4987_/B (sky130_fd_sc_hd__xnor2_1)
     2    0.011607    0.471933    0.403594   15.414317 ^ _4987_/Y (sky130_fd_sc_hd__xnor2_1)
                                                         _0745_ (net)
                      0.471935    0.000867   15.415184 ^ _4989_/B (sky130_fd_sc_hd__xnor2_1)
     2    0.008633    0.183462    0.331919   15.747104 v _4989_/Y (sky130_fd_sc_hd__xnor2_1)
                                                         _0747_ (net)
                      0.183462    0.000433   15.747537 v _5010_/A (sky130_fd_sc_hd__and3_2)
     4    0.020169    0.144870    0.508397   16.255934 v _5010_/X (sky130_fd_sc_hd__and3_2)
                                                         _0769_ (net)
                      0.144874    0.000975   16.256908 v _5012_/A2 (sky130_fd_sc_hd__o21a_1)
     2    0.011328    0.140723    0.413968   16.670877 v _5012_/X (sky130_fd_sc_hd__o21a_1)
                                                         _0771_ (net)
                      0.140723    0.000330   16.671207 v _5014_/A2 (sky130_fd_sc_hd__o211a_1)
     2    0.005090    0.092326    0.428322   17.099529 v _5014_/X (sky130_fd_sc_hd__o211a_1)
                                                         _0773_ (net)
                      0.092326    0.000272   17.099802 v _5015_/C (sky130_fd_sc_hd__or3_2)
     4    0.013776    0.229265    1.093307   18.193108 v _5015_/X (sky130_fd_sc_hd__or3_2)
                                                         _0774_ (net)
                      0.229265    0.000851   18.193958 v _5108_/A (sky130_fd_sc_hd__or3_2)
     4    0.022122    0.269058    1.343087   19.537046 v _5108_/X (sky130_fd_sc_hd__or3_2)
                                                         _0876_ (net)
                      0.269058    0.001211   19.538258 v _5111_/A1 (sky130_fd_sc_hd__a211o_1)
     2    0.006610    0.119170    0.605866   20.144123 v _5111_/X (sky130_fd_sc_hd__a211o_1)
                                                         _0879_ (net)
                      0.119171    0.000544   20.144667 v _5113_/A2 (sky130_fd_sc_hd__a211oi_1)
     2    0.008719    0.573092    0.622045   20.766712 ^ _5113_/Y (sky130_fd_sc_hd__a211oi_1)
                                                         _0881_ (net)
                      0.573093    0.000588   20.767300 ^ _5114_/C1 (sky130_fd_sc_hd__a211oi_2)
     4    0.014582    0.180384    0.273841   21.041142 v _5114_/Y (sky130_fd_sc_hd__a211oi_2)
                                                         _0882_ (net)
                      0.180384    0.000556   21.041697 v _5116_/A1 (sky130_fd_sc_hd__o211a_1)
     3    0.007310    0.110385    0.491658   21.533356 v _5116_/X (sky130_fd_sc_hd__o211a_1)
                                                         _0884_ (net)
                      0.110385    0.000364   21.533720 v _5216_/C (sky130_fd_sc_hd__or4b_1)
     2    0.007425    0.232165    1.197995   22.731714 v _5216_/X (sky130_fd_sc_hd__or4b_1)
                                                         _0993_ (net)
                      0.232165    0.000416   22.732130 v _5416_/A3 (sky130_fd_sc_hd__o311a_1)
     2    0.012704    0.177079    0.713179   23.445309 v _5416_/X (sky130_fd_sc_hd__o311a_1)
                                                         _1211_ (net)
                      0.177083    0.001128   23.446436 v _5885_/A2 (sky130_fd_sc_hd__o31a_1)
     3    0.013048    0.168782    0.663587   24.110023 v _5885_/X (sky130_fd_sc_hd__o31a_1)
                                                         _1723_ (net)
                      0.168786    0.001089   24.111113 v _6151_/C (sky130_fd_sc_hd__or4b_2)
     4    0.017872    0.322824    1.674218   25.785330 v _6151_/X (sky130_fd_sc_hd__or4b_2)
                                                         _2013_ (net)
                      0.322824    0.001698   25.787029 v _6745_/A1 (sky130_fd_sc_hd__a2111o_1)
     2    0.010018    0.178314    0.891600   26.678629 v _6745_/X (sky130_fd_sc_hd__a2111o_1)
                                                         _2661_ (net)
                      0.178315    0.000808   26.679436 v _6747_/A1 (sky130_fd_sc_hd__a211o_1)
     3    0.009301    0.142840    0.596195   27.275631 v _6747_/X (sky130_fd_sc_hd__a211o_1)
                                                         _2664_ (net)
                      0.142840    0.000432   27.276064 v _6867_/A2 (sky130_fd_sc_hd__a31o_1)
     1    0.002384    0.062265    0.390893   27.666956 v _6867_/X (sky130_fd_sc_hd__a31o_1)
                                                         _2795_ (net)
                      0.062265    0.000144   27.667099 v _6868_/A2_N (sky130_fd_sc_hd__a2bb2o_1)
     1    0.021084    0.329030    0.670040   28.337139 ^ _6868_/X (sky130_fd_sc_hd__a2bb2o_1)
                                                         net101 (net)
                      0.329046    0.002597   28.339737 ^ output101/A (sky130_fd_sc_hd__clkbuf_4)
     1    0.036898    0.191687    0.453140   28.792877 ^ output101/X (sky130_fd_sc_hd__clkbuf_4)
                                                         return_port[31] (net)
                      0.191729    0.002769   28.795647 ^ return_port[31] (out)
                                             28.795647   data arrival time

                      0.000000   50.000000   50.000000   clock clk (rise edge)
                                  0.000000   50.000000   clock network delay (ideal)
                                 -0.250000   49.749996   clock uncertainty
                                  0.000000   49.749996   clock reconvergence pessimism
                                -10.000000   39.749996   output external delay
                                             39.749996   data required time
---------------------------------------------------------------------------------------------
                                             39.749996   data required time
                                            -28.795647   data arrival time
---------------------------------------------------------------------------------------------
                                             10.954350   slack (MET)




===========================================================================
report_checks --slack_max -0.01
============================================================================
======================= max_ss_100C_1v60 Corner ===================================

No paths found.


===========================================================================
 report_check_types -max_slew -max_cap -max_fanout -violators
============================================================================
======================= max_ss_100C_1v60 Corner ===================================

max slew

Pin                                        Limit        Slew       Slack
------------------------------------------------------------------------
fanout150/A                             0.750000    0.993449   -0.243449 (VIOLATED)
fanout149/A                             0.750000    0.993329   -0.243329 (VIOLATED)
_4271_/Y                                0.750000    0.993315   -0.243315 (VIOLATED)
_5869_/B1                               0.750000    0.951477   -0.201477 (VIOLATED)
_5871_/A1                               0.750000    0.951476   -0.201477 (VIOLATED)
_5867_/Y                                0.750000    0.951475   -0.201475 (VIOLATED)
max_cap110/A                            0.750000    0.951475   -0.201475 (VIOLATED)
_5401_/Y                                0.750000    0.951046   -0.201046 (VIOLATED)
_5403_/B1                               0.750000    0.951046   -0.201046 (VIOLATED)
_5404_/A1                               0.750000    0.951046   -0.201046 (VIOLATED)
max_cap111/A                            0.750000    0.951046   -0.201046 (VIOLATED)
_3705_/A1                               0.750000    0.912767   -0.162767 (VIOLATED)
fanout145/A                             0.750000    0.912738   -0.162738 (VIOLATED)
_3439_/Y                                0.750000    0.912735   -0.162735 (VIOLATED)
_5954_/Y                                0.750000    0.847612   -0.097612 (VIOLATED)
_6091_/A2                               0.750000    0.847612   -0.097612 (VIOLATED)
_6092_/C1                               0.750000    0.847612   -0.097612 (VIOLATED)
max_cap113/A                            0.750000    0.847612   -0.097612 (VIOLATED)
_3803_/A1                               0.750000    0.824685   -0.074685 (VIOLATED)
_3949_/A1                               0.750000    0.824684   -0.074684 (VIOLATED)
_3478_/Y                                0.750000    0.824680   -0.074680 (VIOLATED)
fanout122/A                             0.750000    0.824680   -0.074680 (VIOLATED)
_6138_/Y                                0.750000    0.798063   -0.048063 (VIOLATED)
_6285_/A2                               0.750000    0.798063   -0.048063 (VIOLATED)
_6286_/C1                               0.750000    0.798063   -0.048063 (VIOLATED)
max_cap109/A                            0.750000    0.798063   -0.048063 (VIOLATED)
_3665_/A1                               0.750000    0.783952   -0.033952 (VIOLATED)
_3502_/A1                               0.750000    0.783945   -0.033945 (VIOLATED)
_3588_/A1                               0.750000    0.783930   -0.033930 (VIOLATED)
_3715_/A1                               0.750000    0.783928   -0.033928 (VIOLATED)
_3690_/A1                               0.750000    0.783897   -0.033897 (VIOLATED)
_3562_/A1                               0.750000    0.783886   -0.033886 (VIOLATED)
_3735_/A                                0.750000    0.783884   -0.033884 (VIOLATED)
_3761_/B                                0.750000    0.783859   -0.033859 (VIOLATED)
_3451_/Y                                0.750000    0.783857   -0.033857 (VIOLATED)

max fanout

Pin                                   Limit Fanout  Slack
---------------------------------------------------------
fanout320/X                              10     12     -2 (VIOLATED)
fanout321/X                              10     11        (VIOLATED)
fanout382/X                              10     11        (VIOLATED)



===========================================================================
report_parasitic_annotation -report_unannotated
============================================================================
Found 0 unannotated drivers.
Found 0 partially unannotated drivers.

===========================================================================
max slew violation count 35
max fanout violation count 3
max cap violation count 0
============================================================================

===========================================================================
check_setup -verbose -unconstrained_endpoints -multiple_clock -no_clock -no_input_delay -loops -generated_clocks
===========================================================================
Warning: There are 36 unclocked register/latch pins.
  _6874_/CLK
  _6875_/CLK
  _6876_/CLK
  _6877_/CLK
  _6878_/CLK
  _6879_/CLK
  _6880_/CLK
  _6881_/CLK
  _6882_/CLK
  _6883_/CLK
  _6884_/CLK
  _6885_/CLK
  _6886_/CLK
  _6887_/CLK
  _6888_/CLK
  _6889_/CLK
  _6890_/CLK
  _6891_/CLK
  _6892_/CLK
  _6893_/CLK
  _6894_/CLK
  _6895_/CLK
  _6896_/CLK
  _6897_/CLK
  _6898_/CLK
  _6899_/CLK
  _6900_/CLK
  _6901_/CLK
  _6902_/CLK
  _6903_/CLK
  _6904_/CLK
  _6905_/CLK
  _6906_/CLK
  _6907_/CLK
  _6908_/CLK
  _6909_/CLK
Warning: There are 37 unconstrained endpoints.
  done_port
  _6874_/D
  _6875_/D
  _6876_/D
  _6877_/D
  _6878_/D
  _6879_/D
  _6880_/D
  _6881_/D
  _6882_/D
  _6883_/D
  _6884_/D
  _6885_/D
  _6886_/D
  _6887_/D
  _6888_/D
  _6889_/D
  _6890_/D
  _6891_/D
  _6892_/D
  _6893_/D
  _6894_/D
  _6895_/D
  _6896_/D
  _6897_/D
  _6898_/D
  _6899_/D
  _6900_/D
  _6901_/D
  _6902_/D
  _6903_/D
  _6904_/D
  _6905_/D
  _6906_/D
  _6907_/D
  _6908_/D
  _6909_/D
