
===========================================================================
 report_power
============================================================================
======================= max_ss_100C_1v60 Corner ===================================

Group                    Internal    Switching      Leakage        Total
                            Power        Power        Power        Power (Watts)
------------------------------------------------------------------------
Sequential           1.580294e-06 2.384519e-07 4.922910e-07 2.311037e-06   0.1%
Combinational        6.680844e-04 1.037388e-03 1.795356e-05 1.723426e-03  99.9%
Clock                -4.996082e-10 0.000000e+00 9.548562e-09 9.048954e-09   0.0%
Macro                0.000000e+00 0.000000e+00 0.000000e+00 0.000000e+00   0.0%
Pad                  0.000000e+00 0.000000e+00 0.000000e+00 0.000000e+00   0.0%
------------------------------------------------------------------------
Total                6.696641e-04 1.037627e-03 1.845540e-05 1.725746e-03 100.0%
                            38.8%        60.1%         1.1%

